<html>
<body>
<pre>
<h1>µVision Build Log</h1>
<h2>Tool Versions:</h2>
IDE-Version: µVision V5.17.0.0
Copyright (C) 2015 ARM Ltd and ARM Germany GmbH. All rights reserved.
License Information: w w, w, LIC=60D74-F07J9-CCNJG-VWFIP-1YVSV-1EV1L
 
Tool Versions:
Toolchain:       MDK-ARM Basic (256K)  Version: 5.17
Toolchain Path:  C:\Keil_v5\ARM\ARMCC\Bin
C Compiler:      Armcc.exe V5.06 update 1 (build 61)
Assembler:       Armasm.exe V5.06 update 1 (build 61)
Linker/Locator:  ArmLink.exe V5.06 update 1 (build 61)
Library Manager: ArmAr.exe V5.06 update 1 (build 61)
Hex Converter:   FromElf.exe V5.06 update 1 (build 61)
CPU DLL:         SARMCM3.DLL V5.17
Dialog DLL:      DCM.DLL V1.13.4.0
Target DLL:      Segger\JL2CM3.dll V2.99.16.0
Dialog DLL:      TCM.DLL V1.14.6.0
 
<h2>Project:</h2>
D:\Stend_prj\Stend\ACID_SPRAY - working\MDK-ARM\ACID_SPRAY.uvprojx
Project File Date:  03/23/2018

<h2>Output:</h2>
*** Using Compiler 'V5.06 update 1 (build 61)', folder: 'C:\Keil_v5\ARM\ARMCC\Bin'
Rebuild target 'ACID_SPRAY'
compiling usart.c...
compiling tim.c...
compiling stm32f1xx_it.c...
compiling gpio.c...
compiling adc.c...
compiling rtc.c...
compiling stm32f1xx_hal_msp.c...
compiling main.c...
../Src/main.c(214): warning:  #188-D: enumerated type mixed with another type
    HAL_GPIO_WritePin(
HASE1_GPIO_Port, 
HASE1_Pin, RESET);
../Src/main.c(215): warning:  #188-D: enumerated type mixed with another type
    HAL_GPIO_WritePin(
HASE2_GPIO_Port, 
HASE2_Pin, RESET);
../Src/main.c(218): warning:  #188-D: enumerated type mixed with another type
    HAL_GPIO_WritePin(
UMP_EN_GPIO_Port, 
UMP_EN_Pin, SET);
../Src/main.c(957): warning:  #223-D: function "EnterCritSection" declared implicitly
                EnterCritSection();
../Src/main.c: 4 warnings, 0 errors
compiling crc16.c...
compiling mb.c...
compiling mb_slave.c...
compiling modbus_config.c...
assembling startup_stm32f103xb.s...
compiling stm32f1xx_hal_dma.c...
compiling stm32f1xx_hal_rtc_ex.c...
compiling stm32f1xx_hal_gpio.c...
compiling stm32f1xx_hal_rcc.c...
compiling stm32f1xx_hal_tim_ex.c...
compiling stm32f1xx_hal.c...
compiling stm32f1xx_hal_rcc_ex.c...
compiling stm32f1xx_hal_flash_ex.c...
compiling stm32f1xx_hal_uart.c...
../Drivers/STM32F1xx_HAL_Driver/Src/stm32f1xx_hal_uart.c(1798): warning:  #177-D: function "UART_Receive_IT" was declared but never referenced
  static HAL_StatusTypeDef UART_Receive_IT(UART_HandleTypeDef *huart)
../Drivers/STM32F1xx_HAL_Driver/Src/stm32f1xx_hal_uart.c: 1 warning, 0 errors
compiling stm32f1xx_hal_cortex.c...
compiling stm32f1xx_hal_tim.c...
compiling stm32f1xx_hal_adc_ex.c...
compiling stm32f1xx_hal_adc.c...
compiling stm32f1xx_hal_gpio_ex.c...
compiling stm32f1xx_hal_pwr.c...
compiling stm32f1xx_hal_flash.c...
compiling stm32f1xx_hal_rtc.c...
compiling system_stm32f1xx.c...
linking...
Program Size: Code=29108 RO-data=1316 RW-data=212 ZI-data=3636  
"ACID_SPRAY\ACID_SPRAY.axf" - 0 Error(s), 5 Warning(s).

<h2>Software Packages used:</h2>

Package Vendor: ARM
                http://www.keil.com/pack/ARM.CMSIS.5.0.1.pack
                ARM::CMSIS:CORE:5.0.1
                CMSIS (Cortex Microcontroller Software Interface Standard)
   * Component: CORE Version: 5.0.1

<h2>Collection of Component include folders:</h2>
  D:\Stend_prj\Stend\ACID_SPRAY - working\MDK-ARM\RTE
  C:\Keil_v5\ARM\PACK\ARM\CMSIS\5.0.1\CMSIS\Include
  C:\Keil_v5\ARM\PACK\Keil\STM32F1xx_DFP\2.1.0\Device\Include

<h2>Collection of Component Files used:</h2>

   * Component: ARM::CMSIS:CORE:5.0.1
Build Time Elapsed:  00:00:48
</pre>
</body>
</html>
