Component: ARM Compiler 5.06 update 1 (build 61) Tool: armlink [4d35a8]

==============================================================================

Section Cross References

    usart.o(i.HAL_UART_MspDeInit) refers to stm32f1xx_hal_gpio.o(i.HAL_GPIO_DeInit) for HAL_GPIO_DeInit
    usart.o(i.HAL_UART_MspDeInit) refers to stm32f1xx_hal_cortex.o(i.HAL_NVIC_DisableIRQ) for HAL_NVIC_DisableIRQ
    usart.o(i.HAL_UART_MspInit) refers to stm32f1xx_hal_gpio.o(i.HAL_GPIO_Init) for HAL_GPIO_Init
    usart.o(i.HAL_UART_MspInit) refers to stm32f1xx_hal_cortex.o(i.HAL_NVIC_SetPriority) for HAL_NVIC_SetPriority
    usart.o(i.HAL_UART_MspInit) refers to stm32f1xx_hal_cortex.o(i.HAL_NVIC_EnableIRQ) for HAL_NVIC_EnableIRQ
    usart.o(i.MX_USART3_UART_Init) refers to stm32f1xx_hal_uart.o(i.HAL_UART_Init) for HAL_UART_Init
    usart.o(i.MX_USART3_UART_Init) refers to main.o(i._Error_Handler) for _Error_Handler
    usart.o(i.MX_USART3_UART_Init) refers to usart.o(.bss) for huart3
    tim.o(i.HAL_TIM_Base_MspInit) refers to stm32f1xx_hal_cortex.o(i.HAL_NVIC_SetPriority) for HAL_NVIC_SetPriority
    tim.o(i.HAL_TIM_Base_MspInit) refers to stm32f1xx_hal_cortex.o(i.HAL_NVIC_EnableIRQ) for HAL_NVIC_EnableIRQ
    tim.o(i.HAL_TIM_IC_MspDeInit) refers to stm32f1xx_hal_gpio.o(i.HAL_GPIO_DeInit) for HAL_GPIO_DeInit
    tim.o(i.HAL_TIM_IC_MspInit) refers to stm32f1xx_hal_gpio.o(i.HAL_GPIO_Init) for HAL_GPIO_Init
    tim.o(i.HAL_TIM_IC_MspInit) refers to stm32f1xx_hal_cortex.o(i.HAL_NVIC_SetPriority) for HAL_NVIC_SetPriority
    tim.o(i.HAL_TIM_IC_MspInit) refers to stm32f1xx_hal_cortex.o(i.HAL_NVIC_EnableIRQ) for HAL_NVIC_EnableIRQ
    tim.o(i.HAL_TIM_MspPostInit) refers to stm32f1xx_hal_gpio.o(i.HAL_GPIO_Init) for HAL_GPIO_Init
    tim.o(i.MX_TIM1_Init) refers to stm32f1xx_hal_tim.o(i.HAL_TIM_PWM_Init) for HAL_TIM_PWM_Init
    tim.o(i.MX_TIM1_Init) refers to main.o(i._Error_Handler) for _Error_Handler
    tim.o(i.MX_TIM1_Init) refers to stm32f1xx_hal_tim_ex.o(i.HAL_TIMEx_MasterConfigSynchronization) for HAL_TIMEx_MasterConfigSynchronization
    tim.o(i.MX_TIM1_Init) refers to stm32f1xx_hal_tim.o(i.HAL_TIM_PWM_ConfigChannel) for HAL_TIM_PWM_ConfigChannel
    tim.o(i.MX_TIM1_Init) refers to stm32f1xx_hal_tim_ex.o(i.HAL_TIMEx_ConfigBreakDeadTime) for HAL_TIMEx_ConfigBreakDeadTime
    tim.o(i.MX_TIM1_Init) refers to tim.o(i.HAL_TIM_MspPostInit) for HAL_TIM_MspPostInit
    tim.o(i.MX_TIM1_Init) refers to tim.o(.bss) for htim1
    tim.o(i.MX_TIM2_Init) refers to stm32f1xx_hal_tim.o(i.HAL_TIM_PWM_Init) for HAL_TIM_PWM_Init
    tim.o(i.MX_TIM2_Init) refers to main.o(i._Error_Handler) for _Error_Handler
    tim.o(i.MX_TIM2_Init) refers to stm32f1xx_hal_tim_ex.o(i.HAL_TIMEx_MasterConfigSynchronization) for HAL_TIMEx_MasterConfigSynchronization
    tim.o(i.MX_TIM2_Init) refers to stm32f1xx_hal_tim.o(i.HAL_TIM_PWM_ConfigChannel) for HAL_TIM_PWM_ConfigChannel
    tim.o(i.MX_TIM2_Init) refers to tim.o(i.HAL_TIM_MspPostInit) for HAL_TIM_MspPostInit
    tim.o(i.MX_TIM2_Init) refers to tim.o(.bss) for htim2
    tim.o(i.MX_TIM3_Init) refers to stm32f1xx_hal_tim.o(i.HAL_TIM_IC_Init) for HAL_TIM_IC_Init
    tim.o(i.MX_TIM3_Init) refers to main.o(i._Error_Handler) for _Error_Handler
    tim.o(i.MX_TIM3_Init) refers to stm32f1xx_hal_tim.o(i.HAL_TIM_SlaveConfigSynchronization) for HAL_TIM_SlaveConfigSynchronization
    tim.o(i.MX_TIM3_Init) refers to stm32f1xx_hal_tim.o(i.HAL_TIM_IC_ConfigChannel) for HAL_TIM_IC_ConfigChannel
    tim.o(i.MX_TIM3_Init) refers to stm32f1xx_hal_tim_ex.o(i.HAL_TIMEx_MasterConfigSynchronization) for HAL_TIMEx_MasterConfigSynchronization
    tim.o(i.MX_TIM3_Init) refers to tim.o(.bss) for htim3
    tim.o(i.MX_TIM4_Init) refers to stm32f1xx_hal_tim.o(i.HAL_TIM_Base_Init) for HAL_TIM_Base_Init
    tim.o(i.MX_TIM4_Init) refers to main.o(i._Error_Handler) for _Error_Handler
    tim.o(i.MX_TIM4_Init) refers to stm32f1xx_hal_tim.o(i.HAL_TIM_ConfigClockSource) for HAL_TIM_ConfigClockSource
    tim.o(i.MX_TIM4_Init) refers to stm32f1xx_hal_tim_ex.o(i.HAL_TIMEx_MasterConfigSynchronization) for HAL_TIMEx_MasterConfigSynchronization
    tim.o(i.MX_TIM4_Init) refers to tim.o(.bss) for htim4
    stm32f1xx_it.o(i.SysTick_Handler) refers to stm32f1xx_hal.o(i.HAL_IncTick) for HAL_IncTick
    stm32f1xx_it.o(i.SysTick_Handler) refers to stm32f1xx_hal_cortex.o(i.HAL_SYSTICK_IRQHandler) for HAL_SYSTICK_IRQHandler
    gpio.o(i.MX_GPIO_Init) refers to stm32f1xx_hal_gpio.o(i.HAL_GPIO_WritePin) for HAL_GPIO_WritePin
    gpio.o(i.MX_GPIO_Init) refers to stm32f1xx_hal_gpio.o(i.HAL_GPIO_Init) for HAL_GPIO_Init
    adc.o(i.HAL_ADC_MspDeInit) refers to stm32f1xx_hal_gpio.o(i.HAL_GPIO_DeInit) for HAL_GPIO_DeInit
    adc.o(i.HAL_ADC_MspDeInit) refers to stm32f1xx_hal_dma.o(i.HAL_DMA_DeInit) for HAL_DMA_DeInit
    adc.o(i.HAL_ADC_MspInit) refers to stm32f1xx_hal_gpio.o(i.HAL_GPIO_Init) for HAL_GPIO_Init
    adc.o(i.HAL_ADC_MspInit) refers to stm32f1xx_hal_dma.o(i.HAL_DMA_Init) for HAL_DMA_Init
[...]
    Removing stm32f1xx_hal_uart.o(.revsh_text), (4 bytes).
    Removing stm32f1xx_hal_uart.o(.rrx_text), (6 bytes).
    Removing stm32f1xx_hal_uart.o(i.HAL_HalfDuplex_EnableReceiver), (64 bytes).
    Removing stm32f1xx_hal_uart.o(i.HAL_HalfDuplex_EnableTransmitter), (66 bytes).
    Removing stm32f1xx_hal_uart.o(i.HAL_HalfDuplex_Init), (264 bytes).
    Removing stm32f1xx_hal_uart.o(i.HAL_LIN_Init), (288 bytes).
    Removing stm32f1xx_hal_uart.o(i.HAL_LIN_SendBreak), (172 bytes).
    Removing stm32f1xx_hal_uart.o(i.HAL_MultiProcessor_EnterMuteMode), (172 bytes).
    Removing stm32f1xx_hal_uart.o(i.HAL_MultiProcessor_ExitMuteMode), (172 bytes).
    Removing stm32f1xx_hal_uart.o(i.HAL_MultiProcessor_Init), (320 bytes).
    Removing stm32f1xx_hal_uart.o(i.HAL_UART_DMAPause), (118 bytes).
    Removing stm32f1xx_hal_uart.o(i.HAL_UART_DMAResume), (156 bytes).
    Removing stm32f1xx_hal_uart.o(i.HAL_UART_DMAStop), (46 bytes).
    Removing stm32f1xx_hal_uart.o(i.HAL_UART_DeInit), (176 bytes).
    Removing stm32f1xx_hal_uart.o(i.HAL_UART_GetError), (6 bytes).
    Removing stm32f1xx_hal_uart.o(i.HAL_UART_GetState), (8 bytes).
    Removing stm32f1xx_hal_uart.o(i.HAL_UART_MspDeInit), (2 bytes).
    Removing stm32f1xx_hal_uart.o(i.HAL_UART_MspInit), (2 bytes).
    Removing stm32f1xx_hal_uart.o(i.HAL_UART_Receive), (248 bytes).
    Removing stm32f1xx_hal_uart.o(i.HAL_UART_Receive_DMA), (160 bytes).
    Removing stm32f1xx_hal_uart.o(i.HAL_UART_Receive_IT), (134 bytes).
    Removing stm32f1xx_hal_uart.o(i.HAL_UART_RxCpltCallback), (2 bytes).
    Removing stm32f1xx_hal_uart.o(i.HAL_UART_RxHalfCpltCallback), (2 bytes).
    Removing stm32f1xx_hal_uart.o(i.HAL_UART_Transmit), (240 bytes).
    Removing stm32f1xx_hal_uart.o(i.HAL_UART_Transmit_DMA), (168 bytes).
    Removing stm32f1xx_hal_uart.o(i.HAL_UART_TxCpltCallback), (2 bytes).
    Removing stm32f1xx_hal_uart.o(i.HAL_UART_TxHalfCpltCallback), (2 bytes).
    Removing stm32f1xx_hal_uart.o(i.UART_DMAError), (34 bytes).
    Removing stm32f1xx_hal_uart.o(i.UART_DMAReceiveCplt), (62 bytes).
    Removing stm32f1xx_hal_uart.o(i.UART_DMARxHalfCplt), (14 bytes).
    Removing stm32f1xx_hal_uart.o(i.UART_DMATransmitCplt), (54 bytes).
    Removing stm32f1xx_hal_uart.o(i.UART_DMATxHalfCplt), (14 bytes).
    Removing stm32f1xx_hal_uart.o(i.UART_Receive_IT), (188 bytes).
    Removing stm32f1xx_hal_uart.o(i.UART_WaitOnFlagUntilTimeout), (250 bytes).
    Removing stm32f1xx_hal_cortex.o(.rev16_text), (4 bytes).
    Removing stm32f1xx_hal_cortex.o(.revsh_text), (4 bytes).
    Removing stm32f1xx_hal_cortex.o(.rrx_text), (6 bytes).
    Removing stm32f1xx_hal_cortex.o(i.HAL_NVIC_ClearPendingIRQ), (28 bytes).
    Removing stm32f1xx_hal_cortex.o(i.HAL_NVIC_DisableIRQ), (104 bytes).
    Removing stm32f1xx_hal_cortex.o(i.HAL_NVIC_GetActive), (40 bytes).
    Removing stm32f1xx_hal_cortex.o(i.HAL_NVIC_GetPendingIRQ), (40 bytes).
    Removing stm32f1xx_hal_cortex.o(i.HAL_NVIC_GetPriority), (244 bytes).
    Removing stm32f1xx_hal_cortex.o(i.HAL_NVIC_GetPriorityGrouping), (8 bytes).
    Removing stm32f1xx_hal_cortex.o(i.HAL_NVIC_SetPendingIRQ), (28 bytes).
    Removing stm32f1xx_hal_cortex.o(i.HAL_NVIC_SystemReset), (68 bytes).
    Removing stm32f1xx_hal_cortex.o(i.HAL_SYSTICK_Callback), (2 bytes).
    Removing stm32f1xx_hal_tim.o(.rev16_text), (4 bytes).
    Removing stm32f1xx_hal_tim.o(.revsh_text), (4 bytes).
    Removing stm32f1xx_hal_tim.o(.rrx_text), (6 bytes).
    Removing stm32f1xx_hal_tim.o(i.HAL_TIM_Base_DeInit), (180 bytes).
    Removing stm32f1xx_hal_tim.o(i.HAL_TIM_Base_GetState), (8 bytes).
    Removing stm32f1xx_hal_tim.o(i.HAL_TIM_Base_MspDeInit), (2 bytes).
    Removing stm32f1xx_hal_tim.o(i.HAL_TIM_Base_MspInit), (2 bytes).
    Removing stm32f1xx_hal_tim.o(i.HAL_TIM_Base_Start), (144 bytes).
    Removing stm32f1xx_hal_tim.o(i.HAL_TIM_Base_Start_DMA), (216 bytes).
    Removing stm32f1xx_hal_tim.o(i.HAL_TIM_Base_Stop), (172 bytes).
    Removing stm32f1xx_hal_tim.o(i.HAL_TIM_Base_Stop_DMA), (176 bytes).
    Removing stm32f1xx_hal_tim.o(i.HAL_TIM_ConfigOCrefClear), (620 bytes).
    Removing stm32f1xx_hal_tim.o(i.HAL_TIM_ConfigTI1Input), (156 bytes).
    Removing stm32f1xx_hal_tim.o(i.HAL_TIM_DMABurst_ReadStart), (724 bytes).
    Removing stm32f1xx_hal_tim.o(i.HAL_TIM_DMABurst_ReadStop), (204 bytes).
    Removing stm32f1xx_hal_tim.o(i.HAL_TIM_DMABurst_WriteStart), (724 bytes).
    Removing stm32f1xx_hal_tim.o(i.HAL_TIM_DMABurst_WriteStop), (204 bytes).
    Removing stm32f1xx_hal_tim.o(i.HAL_TIM_Encoder_DeInit), (184 bytes).
    Removing stm32f1xx_hal_tim.o(i.HAL_TIM_Encoder_GetState), (8 bytes).
    Removing stm32f1xx_hal_tim.o(i.HAL_TIM_Encoder_Init), (544 bytes).
    Removing stm32f1xx_hal_tim.o(i.HAL_TIM_Encoder_MspDeInit), (2 bytes).
    Removing stm32f1xx_hal_tim.o(i.HAL_TIM_Encoder_MspInit), (2 bytes).
    Removing stm32f1xx_hal_tim.o(i.HAL_TIM_Encoder_Start), (192 bytes).
    Removing stm32f1xx_hal_tim.o(i.HAL_TIM_Encoder_Start_DMA), (440 bytes).
    Removing stm32f1xx_hal_tim.o(i.HAL_TIM_Encoder_Start_IT), (240 bytes).
    Removing stm32f1xx_hal_tim.o(i.HAL_TIM_Encoder_Stop), (216 bytes).
    Removing stm32f1xx_hal_tim.o(i.HAL_TIM_Encoder_Stop_DMA), (264 bytes).
    Removing stm32f1xx_hal_tim.o(i.HAL_TIM_Encoder_Stop_IT), (264 bytes).
    Removing stm32f1xx_hal_tim.o(i.HAL_TIM_ErrorCallback), (2 bytes).
    Removing stm32f1xx_hal_tim.o(i.HAL_TIM_GenerateEvent), (192 bytes).
    Removing stm32f1xx_hal_tim.o(i.HAL_TIM_IC_CaptureCallback), (2 bytes).
    Removing stm32f1xx_hal_tim.o(i.HAL_TIM_IC_DeInit), (184 bytes).
    Removing stm32f1xx_hal_tim.o(i.HAL_TIM_IC_GetState), (8 bytes).
    Removing stm32f1xx_hal_tim.o(i.HAL_TIM_IC_MspDeInit), (2 bytes).
    Removing stm32f1xx_hal_tim.o(i.HAL_TIM_IC_MspInit), (2 bytes).
    Removing stm32f1xx_hal_tim.o(i.HAL_TIM_IC_Start_DMA), (480 bytes).
    Removing stm32f1xx_hal_tim.o(i.HAL_TIM_IC_Start_IT), (276 bytes).
    Removing stm32f1xx_hal_tim.o(i.HAL_TIM_IC_Stop), (228 bytes).
    Removing stm32f1xx_hal_tim.o(i.HAL_TIM_IC_Stop_DMA), (352 bytes).
    Removing stm32f1xx_hal_tim.o(i.HAL_TIM_IC_Stop_IT), (304 bytes).
    Removing stm32f1xx_hal_tim.o(i.HAL_TIM_IRQHandler), (406 bytes).
    Removing stm32f1xx_hal_tim.o(i.HAL_TIM_OC_ConfigChannel), (460 bytes).
    Removing stm32f1xx_hal_tim.o(i.HAL_TIM_OC_DeInit), (184 bytes).
    Removing stm32f1xx_hal_tim.o(i.HAL_TIM_OC_DelayElapsedCallback), (2 bytes).
    Removing stm32f1xx_hal_tim.o(i.HAL_TIM_OC_GetState), (8 bytes).
    Removing stm32f1xx_hal_tim.o(i.HAL_TIM_OC_Init), (236 bytes).
    Removing stm32f1xx_hal_tim.o(i.HAL_TIM_OC_MspDeInit), (2 bytes).
    Removing stm32f1xx_hal_tim.o(i.HAL_TIM_OC_MspInit), (2 bytes).
    Removing stm32f1xx_hal_tim.o(i.HAL_TIM_OC_Start), (228 bytes).
    Removing stm32f1xx_hal_tim.o(i.HAL_TIM_OC_Start_DMA), (464 bytes).
    Removing stm32f1xx_hal_tim.o(i.HAL_TIM_OC_Start_IT), (304 bytes).
    Removing stm32f1xx_hal_tim.o(i.HAL_TIM_OC_Stop), (280 bytes).
    Removing stm32f1xx_hal_tim.o(i.HAL_TIM_OC_Stop_DMA), (364 bytes).
    Removing stm32f1xx_hal_tim.o(i.HAL_TIM_OC_Stop_IT), (356 bytes).
    Removing stm32f1xx_hal_tim.o(i.HAL_TIM_OnePulse_ConfigChannel), (572 bytes).
    Removing stm32f1xx_hal_tim.o(i.HAL_TIM_OnePulse_DeInit), (184 bytes).
    Removing stm32f1xx_hal_tim.o(i.HAL_TIM_OnePulse_GetState), (8 bytes).
    Removing stm32f1xx_hal_tim.o(i.HAL_TIM_OnePulse_Init), (280 bytes).
    Removing stm32f1xx_hal_tim.o(i.HAL_TIM_OnePulse_MspDeInit), (2 bytes).
    Removing stm32f1xx_hal_tim.o(i.HAL_TIM_OnePulse_MspInit), (2 bytes).
    Removing stm32f1xx_hal_tim.o(i.HAL_TIM_OnePulse_Start), (64 bytes).
    Removing stm32f1xx_hal_tim.o(i.HAL_TIM_OnePulse_Start_IT), (88 bytes).
    Removing stm32f1xx_hal_tim.o(i.HAL_TIM_OnePulse_Stop), (128 bytes).
    Removing stm32f1xx_hal_tim.o(i.HAL_TIM_OnePulse_Stop_IT), (152 bytes).
    Removing stm32f1xx_hal_tim.o(i.HAL_TIM_PWM_DeInit), (184 bytes).
    Removing stm32f1xx_hal_tim.o(i.HAL_TIM_PWM_GetState), (8 bytes).
    Removing stm32f1xx_hal_tim.o(i.HAL_TIM_PWM_MspDeInit), (2 bytes).
    Removing stm32f1xx_hal_tim.o(i.HAL_TIM_PWM_MspInit), (2 bytes).
    Removing stm32f1xx_hal_tim.o(i.HAL_TIM_PWM_PulseFinishedCallback), (2 bytes).
    Removing stm32f1xx_hal_tim.o(i.HAL_TIM_PWM_Start_DMA), (464 bytes).
    Removing stm32f1xx_hal_tim.o(i.HAL_TIM_PWM_Start_IT), (304 bytes).
    Removing stm32f1xx_hal_tim.o(i.HAL_TIM_PWM_Stop), (288 bytes).
    Removing stm32f1xx_hal_tim.o(i.HAL_TIM_PWM_Stop_DMA), (364 bytes).
    Removing stm32f1xx_hal_tim.o(i.HAL_TIM_PWM_Stop_IT), (356 bytes).
    Removing stm32f1xx_hal_tim.o(i.HAL_TIM_PeriodElapsedCallback), (2 bytes).
    Removing stm32f1xx_hal_tim.o(i.HAL_TIM_ReadCapturedValue), (332 bytes).
    Removing stm32f1xx_hal_tim.o(i.HAL_TIM_SlaveConfigSynchronization_IT), (296 bytes).
    Removing stm32f1xx_hal_tim.o(i.HAL_TIM_TriggerCallback), (2 bytes).
    Removing stm32f1xx_hal_tim.o(i.TIM_DMACaptureCplt), (70 bytes).
    Removing stm32f1xx_hal_tim.o(i.TIM_DMADelayPulseCplt), (70 bytes).
    Removing stm32f1xx_hal_tim.o(i.TIM_DMAError), (20 bytes).
    Removing stm32f1xx_hal_tim.o(i.TIM_DMAPeriodElapsedCplt), (20 bytes).
    Removing stm32f1xx_hal_tim.o(i.TIM_DMATriggerCplt), (20 bytes).
    Removing stm32f1xx_hal_adc_ex.o(.rev16_text), (4 bytes).
    Removing stm32f1xx_hal_adc_ex.o(.revsh_text), (4 bytes).
    Removing stm32f1xx_hal_adc_ex.o(.rrx_text), (6 bytes).
    Removing stm32f1xx_hal_adc_ex.o(i.HAL_ADCEx_Calibration_Start), (356 bytes).
    Removing stm32f1xx_hal_adc_ex.o(i.HAL_ADCEx_InjectedConfigChannel), (1158 bytes).
    Removing stm32f1xx_hal_adc_ex.o(i.HAL_ADCEx_InjectedConvCpltCallback), (2 bytes).
    Removing stm32f1xx_hal_adc_ex.o(i.HAL_ADCEx_InjectedGetValue), (180 bytes).
    Removing stm32f1xx_hal_adc_ex.o(i.HAL_ADCEx_InjectedPollForConversion), (444 bytes).
    Removing stm32f1xx_hal_adc_ex.o(i.HAL_ADCEx_InjectedStart), (324 bytes).
    Removing stm32f1xx_hal_adc_ex.o(i.HAL_ADCEx_InjectedStart_IT), (340 bytes).
    Removing stm32f1xx_hal_adc_ex.o(i.HAL_ADCEx_InjectedStop), (192 bytes).
    Removing stm32f1xx_hal_adc_ex.o(i.HAL_ADCEx_InjectedStop_IT), (204 bytes).
    Removing stm32f1xx_hal_adc_ex.o(i.HAL_ADCEx_MultiModeConfigChannel), (284 bytes).
    Removing stm32f1xx_hal_adc_ex.o(i.HAL_ADCEx_MultiModeGetValue), (152 bytes).
    Removing stm32f1xx_hal_adc_ex.o(i.HAL_ADCEx_MultiModeStart_DMA), (384 bytes).
    Removing stm32f1xx_hal_adc_ex.o(i.HAL_ADCEx_MultiModeStop_DMA), (264 bytes).
    Removing stm32f1xx_hal_adc.o(.rev16_text), (4 bytes).
    Removing stm32f1xx_hal_adc.o(.revsh_text), (4 bytes).
    Removing stm32f1xx_hal_adc.o(.rrx_text), (6 bytes).
    Removing stm32f1xx_hal_adc.o(i.HAL_ADC_AnalogWDGConfig), (484 bytes).
    Removing stm32f1xx_hal_adc.o(i.HAL_ADC_DeInit), (360 bytes).
    Removing stm32f1xx_hal_adc.o(i.HAL_ADC_GetError), (6 bytes).
    Removing stm32f1xx_hal_adc.o(i.HAL_ADC_GetState), (6 bytes).
    Removing stm32f1xx_hal_adc.o(i.HAL_ADC_GetValue), (104 bytes).
    Removing stm32f1xx_hal_adc.o(i.HAL_ADC_IRQHandler), (428 bytes).
    Removing stm32f1xx_hal_adc.o(i.HAL_ADC_LevelOutOfWindowCallback), (2 bytes).
    Removing stm32f1xx_hal_adc.o(i.HAL_ADC_MspDeInit), (2 bytes).
    Removing stm32f1xx_hal_adc.o(i.HAL_ADC_MspInit), (2 bytes).
    Removing stm32f1xx_hal_adc.o(i.HAL_ADC_PollForConversion), (460 bytes).
    Removing stm32f1xx_hal_adc.o(i.HAL_ADC_PollForEvent), (208 bytes).
    Removing stm32f1xx_hal_adc.o(i.HAL_ADC_Start_IT), (404 bytes).
    Removing stm32f1xx_hal_adc.o(i.HAL_ADC_Stop), (156 bytes).
    Removing stm32f1xx_hal_adc.o(i.HAL_ADC_Stop_DMA), (176 bytes).
    Removing stm32f1xx_hal_adc.o(i.HAL_ADC_Stop_IT), (168 bytes).
    Removing stm32f1xx_hal_gpio_ex.o(.rev16_text), (4 bytes).
    Removing stm32f1xx_hal_gpio_ex.o(.revsh_text), (4 bytes).
    Removing stm32f1xx_hal_gpio_ex.o(.rrx_text), (6 bytes).
    Removing stm32f1xx_hal_gpio_ex.o(i.HAL_GPIOEx_ConfigEventout), (192 bytes).
    Removing stm32f1xx_hal_gpio_ex.o(i.HAL_GPIOEx_DisableEventout), (20 bytes).
    Removing stm32f1xx_hal_gpio_ex.o(i.HAL_GPIOEx_EnableEventout), (20 bytes).
    Removing stm32f1xx_hal_pwr.o(.rev16_text), (4 bytes).
    Removing stm32f1xx_hal_pwr.o(.revsh_text), (4 bytes).
    Removing stm32f1xx_hal_pwr.o(.rrx_text), (6 bytes).
    Removing stm32f1xx_hal_pwr.o(i.HAL_PWR_ConfigPVD), (372 bytes).
    Removing stm32f1xx_hal_pwr.o(i.HAL_PWR_DeInit), (28 bytes).
    Removing stm32f1xx_hal_pwr.o(i.HAL_PWR_DisableBkUpAccess), (28 bytes).
    Removing stm32f1xx_hal_pwr.o(i.HAL_PWR_DisablePVD), (24 bytes).
    Removing stm32f1xx_hal_pwr.o(i.HAL_PWR_DisableSEVOnPend), (20 bytes).
    Removing stm32f1xx_hal_pwr.o(i.HAL_PWR_DisableSleepOnExit), (20 bytes).
    Removing stm32f1xx_hal_pwr.o(i.HAL_PWR_DisableWakeUpPin), (104 bytes).
    Removing stm32f1xx_hal_pwr.o(i.HAL_PWR_EnablePVD), (24 bytes).
    Removing stm32f1xx_hal_pwr.o(i.HAL_PWR_EnableSEVOnPend), (20 bytes).
    Removing stm32f1xx_hal_pwr.o(i.HAL_PWR_EnableSleepOnExit), (20 bytes).
    Removing stm32f1xx_hal_pwr.o(i.HAL_PWR_EnableWakeUpPin), (104 bytes).
    Removing stm32f1xx_hal_pwr.o(i.HAL_PWR_EnterSLEEPMode), (116 bytes).
    Removing stm32f1xx_hal_pwr.o(i.HAL_PWR_EnterSTANDBYMode), (40 bytes).
    Removing stm32f1xx_hal_pwr.o(i.HAL_PWR_EnterSTOPMode), (176 bytes).
    Removing stm32f1xx_hal_pwr.o(i.HAL_PWR_PVDCallback), (2 bytes).
    Removing stm32f1xx_hal_pwr.o(i.HAL_PWR_PVD_IRQHandler), (32 bytes).
    Removing stm32f1xx_hal_pwr.o(i.PWR_OverloadWfe), (6 bytes).
    Removing stm32f1xx_hal_flash.o(.rev16_text), (4 bytes).
    Removing stm32f1xx_hal_flash.o(.revsh_text), (4 bytes).
    Removing stm32f1xx_hal_flash.o(.rrx_text), (6 bytes).
    Removing stm32f1xx_hal_flash.o(i.FLASH_Program_HalfWord), (32 bytes).
    Removing stm32f1xx_hal_flash.o(i.FLASH_SetErrorCode), (104 bytes).
    Removing stm32f1xx_hal_flash.o(i.FLASH_WaitForLastOperation), (112 bytes).
    Removing stm32f1xx_hal_flash.o(i.HAL_FLASH_EndOfOperationCallback), (2 bytes).
    Removing stm32f1xx_hal_flash.o(i.HAL_FLASH_GetError), (12 bytes).
    Removing stm32f1xx_hal_flash.o(i.HAL_FLASH_IRQHandler), (384 bytes).
    Removing stm32f1xx_hal_flash.o(i.HAL_FLASH_Lock), (20 bytes).
    Removing stm32f1xx_hal_flash.o(i.HAL_FLASH_OB_Launch), (10 bytes).
    Removing stm32f1xx_hal_flash.o(i.HAL_FLASH_OB_Lock), (20 bytes).
    Removing stm32f1xx_hal_flash.o(i.HAL_FLASH_OB_Unlock), (44 bytes).
    Removing stm32f1xx_hal_flash.o(i.HAL_FLASH_OperationErrorCallback), (2 bytes).
    Removing stm32f1xx_hal_flash.o(i.HAL_FLASH_Program), (384 bytes).
    Removing stm32f1xx_hal_flash.o(i.HAL_FLASH_Program_IT), (324 bytes).
    Removing stm32f1xx_hal_flash.o(i.HAL_FLASH_Unlock), (44 bytes).
    Removing stm32f1xx_hal_flash.o(.bss), (32 bytes).
    Removing stm32f1xx_hal_rtc.o(.rev16_text), (4 bytes).
    Removing stm32f1xx_hal_rtc.o(.revsh_text), (4 bytes).
    Removing stm32f1xx_hal_rtc.o(.rrx_text), (6 bytes).
    Removing stm32f1xx_hal_rtc.o(i.HAL_RTC_AlarmAEventCallback), (2 bytes).
    Removing stm32f1xx_hal_rtc.o(i.HAL_RTC_AlarmIRQHandler), (56 bytes).
    Removing stm32f1xx_hal_rtc.o(i.HAL_RTC_DeInit), (212 bytes).
    Removing stm32f1xx_hal_rtc.o(i.HAL_RTC_DeactivateAlarm), (216 bytes).
    Removing stm32f1xx_hal_rtc.o(i.HAL_RTC_GetAlarm), (220 bytes).
    Removing stm32f1xx_hal_rtc.o(i.HAL_RTC_GetDate), (156 bytes).
    Removing stm32f1xx_hal_rtc.o(i.HAL_RTC_GetState), (6 bytes).
    Removing stm32f1xx_hal_rtc.o(i.HAL_RTC_GetTime), (336 bytes).
    Removing stm32f1xx_hal_rtc.o(i.HAL_RTC_MspDeInit), (2 bytes).
    Removing stm32f1xx_hal_rtc.o(i.HAL_RTC_MspInit), (2 bytes).
    Removing stm32f1xx_hal_rtc.o(i.HAL_RTC_PollForAlarmAEvent), (70 bytes).
    Removing stm32f1xx_hal_rtc.o(i.HAL_RTC_SetAlarm), (424 bytes).
    Removing stm32f1xx_hal_rtc.o(i.HAL_RTC_SetAlarm_IT), (476 bytes).
    Removing stm32f1xx_hal_rtc.o(i.HAL_RTC_SetDate), (464 bytes).
    Removing stm32f1xx_hal_rtc.o(i.HAL_RTC_SetTime), (412 bytes).
    Removing stm32f1xx_hal_rtc.o(i.RTC_Bcd2ToByte), (22 bytes).
    Removing stm32f1xx_hal_rtc.o(i.RTC_ByteToBcd2), (26 bytes).
    Removing stm32f1xx_hal_rtc.o(i.RTC_DateUpdate), (182 bytes).
    Removing stm32f1xx_hal_rtc.o(i.RTC_IsLeapYear), (58 bytes).
    Removing stm32f1xx_hal_rtc.o(i.RTC_ReadAlarmCounter), (24 bytes).
    Removing stm32f1xx_hal_rtc.o(i.RTC_ReadTimeCounter), (52 bytes).
    Removing stm32f1xx_hal_rtc.o(i.RTC_WeekDayNum), (132 bytes).
    Removing stm32f1xx_hal_rtc.o(i.RTC_WriteAlarmCounter), (46 bytes).
    Removing stm32f1xx_hal_rtc.o(i.RTC_WriteTimeCounter), (46 bytes).
    Removing system_stm32f1xx.o(.rev16_text), (4 bytes).
    Removing system_stm32f1xx.o(.revsh_text), (4 bytes).
    Removing system_stm32f1xx.o(.rrx_text), (6 bytes).
    Removing system_stm32f1xx.o(i.SystemCoreClockUpdate), (164 bytes).

404 unused section(s) (total 49373 bytes) removed from the image.

==============================================================================

Image Symbol Table

    Local Symbols

    Symbol Name                              Value     Ov Type        Size  Object(Section)

    ../Drivers/STM32F1xx_HAL_Driver/Src/stm32f1xx_hal.c 0x00000000   Number         0  stm32f1xx_hal.o ABSOLUTE
    ../Drivers/STM32F1xx_HAL_Driver/Src/stm32f1xx_hal_adc.c 0x00000000   Number         0  stm32f1xx_hal_adc.o ABSOLUTE
    ../Drivers/STM32F1xx_HAL_Driver/Src/stm32f1xx_hal_adc_ex.c 0x00000000   Number         0  stm32f1xx_hal_adc_ex.o ABSOLUTE
    ../Drivers/STM32F1xx_HAL_Driver/Src/stm32f1xx_hal_cortex.c 0x00000000   Number         0  stm32f1xx_hal_cortex.o ABSOLUTE
    ../Drivers/STM32F1xx_HAL_Driver/Src/stm32f1xx_hal_dma.c 0x00000000   Number         0  stm32f1xx_hal_dma.o ABSOLUTE
    ../Drivers/STM32F1xx_HAL_Driver/Src/stm32f1xx_hal_flash.c 0x00000000   Number         0  stm32f1xx_hal_flash.o ABSOLUTE
    ../Drivers/STM32F1xx_HAL_Driver/Src/stm32f1xx_hal_flash_ex.c 0x00000000   Number         0  stm32f1xx_hal_flash_ex.o ABSOLUTE
    ../Drivers/STM32F1xx_HAL_Driver/Src/stm32f1xx_hal_gpio.c 0x00000000   Number         0  stm32f1xx_hal_gpio.o ABSOLUTE
    ../Drivers/STM32F1xx_HAL_Driver/Src/stm32f1xx_hal_gpio_ex.c 0x00000000   Number         0  stm32f1xx_hal_gpio_ex.o ABSOLUTE
    ../Drivers/STM32F1xx_HAL_Driver/Src/stm32f1xx_hal_pwr.c 0x00000000   Number         0  stm32f1xx_hal_pwr.o ABSOLUTE
    ../Drivers/STM32F1xx_HAL_Driver/Src/stm32f1xx_hal_rcc.c 0x00000000   Number         0  stm32f1xx_hal_rcc.o ABSOLUTE
    ../Drivers/STM32F1xx_HAL_Driver/Src/stm32f1xx_hal_rcc_ex.c 0x00000000   Number         0  stm32f1xx_hal_rcc_ex.o ABSOLUTE
    ../Drivers/STM32F1xx_HAL_Driver/Src/stm32f1xx_hal_rtc.c 0x00000000   Number         0  stm32f1xx_hal_rtc.o ABSOLUTE
    ../Drivers/STM32F1xx_HAL_Driver/Src/stm32f1xx_hal_rtc_ex.c 0x00000000   Number         0  stm32f1xx_hal_rtc_ex.o ABSOLUTE
    ../Drivers/STM32F1xx_HAL_Driver/Src/stm32f1xx_hal_tim.c 0x00000000   Number         0  stm32f1xx_hal_tim.o ABSOLUTE
    ../Drivers/STM32F1xx_HAL_Driver/Src/stm32f1xx_hal_tim_ex.c 0x00000000   Number         0  stm32f1xx_hal_tim_ex.o ABSOLUTE
    ../Drivers/STM32F1xx_HAL_Driver/Src/stm32f1xx_hal_uart.c 0x00000000   Number         0  stm32f1xx_hal_uart.o ABSOLUTE
    ../Src/adc.c                             0x00000000   Number         0  adc.o ABSOLUTE
    ../Src/gpio.c                            0x00000000   Number         0  gpio.o ABSOLUTE
    ../Src/main.c                            0x00000000   Number         0  main.o ABSOLUTE
    ../Src/rtc.c                             0x00000000   Number         0  rtc.o ABSOLUTE
    ../Src/stm32f1xx_hal_msp.c               0x00000000   Number         0  stm32f1xx_hal_msp.o ABSOLUTE
    ../Src/stm32f1xx_it.c                    0x00000000   Number         0  stm32f1xx_it.o ABSOLUTE
    ../Src/system_stm32f1xx.c                0x00000000   Number         0  system_stm32f1xx.o ABSOLUTE
    ../Src/tim.c                             0x00000000   Number         0  tim.o ABSOLUTE
    ../Src/usart.c                           0x00000000   Number         0  usart.o ABSOLUTE
    ../clib/microlib/init/entry.s            0x00000000   Number         0  entry8b.o ABSOLUTE
    ../clib/microlib/init/entry.s            0x00000000   Number         0  entry9a.o ABSOLUTE
    ../clib/microlib/init/entry.s            0x00000000   Number         0  entry2.o ABSOLUTE
    ../clib/microlib/init/entry.s            0x00000000   Number         0  entry11b.o ABSOLUTE
    ../clib/microlib/init/entry.s            0x00000000   Number         0  entry11a.o ABSOLUTE
    ../clib/microlib/init/entry.s            0x00000000   Number         0  entry10b.o ABSOLUTE
    ../clib/microlib/init/entry.s            0x00000000   Number         0  entry7b.o ABSOLUTE
    ../clib/microlib/init/entry.s            0x00000000   Number         0  entry7a.o ABSOLUTE
    ../clib/microlib/init/entry.s            0x00000000   Number         0  entry.o ABSOLUTE
    ../clib/microlib/init/entry.s            0x00000000   Number         0  entry8a.o ABSOLUTE
    ../clib/microlib/init/entry.s            0x00000000   Number         0  entry5.o ABSOLUTE
    ../clib/microlib/init/entry.s            0x00000000   Number         0  entry9b.o ABSOLUTE
    ../clib/microlib/init/entry.s            0x00000000   Number         0  entry10a.o ABSOLUTE
    ../clib/microlib/longlong.c              0x00000000   Number         0  llushr.o ABSOLUTE
    ..\Drivers\STM32F1xx_HAL_Driver\Src\stm32f1xx_hal.c 0x00000000   Number         0  stm32f1xx_hal.o ABSOLUTE
    ..\Drivers\STM32F1xx_HAL_Driver\Src\stm32f1xx_hal_adc.c 0x00000000   Number         0  stm32f1xx_hal_adc.o ABSOLUTE
    ..\Drivers\STM32F1xx_HAL_Driver\Src\stm32f1xx_hal_adc_ex.c 0x00000000   Number         0  stm32f1xx_hal_adc_ex.o ABSOLUTE
    ..\Drivers\STM32F1xx_HAL_Driver\Src\stm32f1xx_hal_cortex.c 0x00000000   Number         0  stm32f1xx_hal_cortex.o ABSOLUTE
    ..\Drivers\STM32F1xx_HAL_Driver\Src\stm32f1xx_hal_dma.c 0x00000000   Number         0  stm32f1xx_hal_dma.o ABSOLUTE
    ..\Drivers\STM32F1xx_HAL_Driver\Src\stm32f1xx_hal_flash.c 0x00000000   Number         0  stm32f1xx_hal_flash.o ABSOLUTE
    ..\Drivers\STM32F1xx_HAL_Driver\Src\stm32f1xx_hal_flash_ex.c 0x00000000   Number         0  stm32f1xx_hal_flash_ex.o ABSOLUTE
    ..\Drivers\STM32F1xx_HAL_Driver\Src\stm32f1xx_hal_gpio.c 0x00000000   Number         0  stm32f1xx_hal_gpio.o ABSOLUTE
    ..\Drivers\STM32F1xx_HAL_Driver\Src\stm32f1xx_hal_gpio_ex.c 0x00000000   Number         0  stm32f1xx_hal_gpio_ex.o ABSOLUTE
    ..\Drivers\STM32F1xx_HAL_Driver\Src\stm32f1xx_hal_pwr.c 0x00000000   Number         0  stm32f1xx_hal_pwr.o ABSOLUTE
    ..\Drivers\STM32F1xx_HAL_Driver\Src\stm32f1xx_hal_rcc.c 0x00000000   Number         0  stm32f1xx_hal_rcc.o ABSOLUTE
    ..\Drivers\STM32F1xx_HAL_Driver\Src\stm32f1xx_hal_rcc_ex.c 0x00000000   Number         0  stm32f1xx_hal_rcc_ex.o ABSOLUTE
    ..\Drivers\STM32F1xx_HAL_Driver\Src\stm32f1xx_hal_rtc.c 0x00000000   Number         0  stm32f1xx_hal_rtc.o ABSOLUTE
    ..\Drivers\STM32F1xx_HAL_Driver\Src\stm32f1xx_hal_rtc_ex.c 0x00000000   Number         0  stm32f1xx_hal_rtc_ex.o ABSOLUTE
    ..\Drivers\STM32F1xx_HAL_Driver\Src\stm32f1xx_hal_tim.c 0x00000000   Number         0  stm32f1xx_hal_tim.o ABSOLUTE
    ..\Drivers\STM32F1xx_HAL_Driver\Src\stm32f1xx_hal_tim_ex.c 0x00000000   Number         0  stm32f1xx_hal_tim_ex.o ABSOLUTE
    ..\Drivers\STM32F1xx_HAL_Driver\Src\stm32f1xx_hal_uart.c 0x00000000   Number         0  stm32f1xx_hal_uart.o ABSOLUTE
    ..\Src\adc.c                             0x00000000   Number         0  adc.o ABSOLUTE
    ..\Src\crc16.c                           0x00000000   Number         0  crc16.o ABSOLUTE
    ..\Src\gpio.c                            0x00000000   Number         0  gpio.o ABSOLUTE
    ..\Src\main.c                            0x00000000   Number         0  main.o ABSOLUTE
    ..\Src\mb.c                              0x00000000   Number         0  mb.o ABSOLUTE
    ..\Src\mb_slave.c                        0x00000000   Number         0  mb_slave.o ABSOLUTE
    ..\Src\modbus_config.c                   0x00000000   Number         0  modbus_config.o ABSOLUTE
    ..\Src\rtc.c                             0x00000000   Number         0  rtc.o ABSOLUTE
    ..\Src\stm32f1xx_hal_msp.c               0x00000000   Number         0  stm32f1xx_hal_msp.o ABSOLUTE
    ..\Src\stm32f1xx_it.c                    0x00000000   Number         0  stm32f1xx_it.o ABSOLUTE
    ..\Src\system_stm32f1xx.c                0x00000000   Number         0  system_stm32f1xx.o ABSOLUTE
    ..\Src\tim.c                             0x00000000   Number         0  tim.o ABSOLUTE
    ..\Src\usart.c                           0x00000000   Number         0  usart.o ABSOLUTE
    ..\\Src\\modbus_config.c                 0x00000000   Number         0  modbus_config.o ABSOLUTE
    dc.s                                     0x00000000   Number         0  dc.o ABSOLUTE
    handlers.s                               0x00000000   Number         0  handlers.o ABSOLUTE
    init.s                                   0x00000000   Number         0  init.o ABSOLUTE
    startup_stm32f103xb.s                    0x00000000   Number         0  startup_stm32f103xb.o ABSOLUTE
    RESET                                    0x08000000   Section      236  startup_stm32f103xb.o(RESET)
    .ARM.Collect$$$$00000000                 0x080000ec   Section        0  entry.o(.ARM.Collect$$$$00000000)
    .ARM.Collect$$$$00000001                 0x080000ec   Section        4  entry2.o(.ARM.Collect$$$$00000001)
    .ARM.Collect$$$$00000004                 0x080000f0   Section        4  entry5.o(.ARM.Collect$$$$00000004)
    .ARM.Collect$$$$00000008                 0x080000f4   Section        0  entry7b.o(.ARM.Collect$$$$00000008)
    .ARM.Collect$$$$0000000A                 0x080000f4   Section        0  entry8b.o(.ARM.Collect$$$$0000000A)
    .ARM.Collect$$$$0000000B                 0x080000f4   Section        8  entry9a.o(.ARM.Collect$$$$0000000B)
    .ARM.Collect$$$$0000000D                 0x080000fc   Section        0  entry10a.o(.ARM.Collect$$$$0000000D)
    .ARM.Collect$$$$0000000F                 0x080000fc   Section        0  entry11a.o(.ARM.Collect$$$$0000000F)
    .ARM.Collect$$$$00002712                 0x080000fc   Section        4  entry2.o(.ARM.Collect$$$$00002712)
    __lit__00000000                          0x080000fc   Data           4  entry2.o(.ARM.Collect$$$$00002712)
    .text                                    0x08000100   Section       36  startup_stm32f103xb.o(.text)
    .text                                    0x08000124   Section       36  init.o(.text)
    i.ADC_ConversionStop_Disable             0x08000148   Section        0  stm32f1xx_hal_adc.o(i.ADC_ConversionStop_Disable)
    i.ADC_DMAConvCplt                        0x0800019a   Section        0  stm32f1xx_hal_adc.o(i.ADC_DMAConvCplt)
    i.ADC_DMAError                           0x080001ec   Section        0  stm32f1xx_hal_adc.o(i.ADC_DMAError)
    i.ADC_DMAHalfConvCplt                    0x0800020a   Section        0  stm32f1xx_hal_adc.o(i.ADC_DMAHalfConvCplt)
    i.ADC_Enable                             0x08000218   Section        0  stm32f1xx_hal_adc.o(i.ADC_Enable)
    i.BusFault_Handler                       0x0800029c   Section        0  stm32f1xx_it.o(i.BusFault_Handler)
    i.CalcCrc16                              0x080002a0   Section        0  crc16.o(i.CalcCrc16)
    i.Color_Sens_Set                         0x080002cc   Section        0  main.o(i.Color_Sens_Set)
    i.DMA1_Channel1_IRQHandler               0x0800047c   Section        0  main.o(i.DMA1_Channel1_IRQHandler)
    i.DMA_SetConfig                          0x0800048c   Section        0  stm32f1xx_hal_dma.o(i.DMA_SetConfig)
    DMA_SetConfig                            0x0800048d   Thumb Code    32  stm32f1xx_hal_dma.o(i.DMA_SetConfig)
    i.DebugMon_Handler                       0x080004ac   Section        0  stm32f1xx_it.o(i.DebugMon_Handler)
    i.EnterCritSection                       0x080004b0   Section        0  mb_slave.o(i.EnterCritSection)
    i.ExitCritSection                        0x080004c4   Section        0  mb_slave.o(i.ExitCritSection)
    i.Flash_Restore                          0x080004e0   Section        0  main.o(i.Flash_Restore)
    i.Get_ColorSens_Val                      0x08000540   Section        0  main.o(i.Get_ColorSens_Val)
    i.HAL_ADC_ConfigChannel                  0x08000764   Section        0  stm32f1xx_hal_adc.o(i.HAL_ADC_ConfigChannel)
    i.HAL_ADC_ConvCpltCallback               0x08000a9c   Section        0  stm32f1xx_hal_adc.o(i.HAL_ADC_ConvCpltCallback)
    i.HAL_ADC_ConvHalfCpltCallback           0x08000a9e   Section        0  stm32f1xx_hal_adc.o(i.HAL_ADC_ConvHalfCpltCallback)
    i.HAL_ADC_ErrorCallback                  0x08000aa0   Section        0  stm32f1xx_hal_adc.o(i.HAL_ADC_ErrorCallback)
    i.HAL_ADC_Init                           0x08000aa4   Section        0  stm32f1xx_hal_adc.o(i.HAL_ADC_Init)
    i.HAL_ADC_MspInit                        0x08000d2c   Section        0  adc.o(i.HAL_ADC_MspInit)
    i.HAL_ADC_Start                          0x08000de0   Section        0  stm32f1xx_hal_adc.o(i.HAL_ADC_Start)
    i.HAL_ADC_Start_DMA                      0x08000f68   Section        0  stm32f1xx_hal_adc.o(i.HAL_ADC_Start_DMA)
    i.HAL_DMA_IRQHandler                     0x08001134   Section        0  stm32f1xx_hal_dma.o(i.HAL_DMA_IRQHandler)
    i.HAL_DMA_Init                           0x08001444   Section        0  stm32f1xx_hal_dma.o(i.HAL_DMA_Init)
    i.HAL_DMA_Start_IT                       0x080015e0   Section        0  stm32f1xx_hal_dma.o(i.HAL_DMA_Start_IT)
    i.HAL_Delay                              0x080016a4   Section        0  stm32f1xx_hal.o(i.HAL_Delay)
    i.HAL_GPIO_Init                          0x080016c0   Section        0  stm32f1xx_hal_gpio.o(i.HAL_GPIO_Init)
    i.HAL_GPIO_WritePin                      0x08001ab0   Section        0  stm32f1xx_hal_gpio.o(i.HAL_GPIO_WritePin)
    i.HAL_GetTick                            0x08001b24   Section        0  stm32f1xx_hal.o(i.HAL_GetTick)
    i.HAL_IncTick                            0x08001b30   Section        0  stm32f1xx_hal.o(i.HAL_IncTick)
    i.HAL_Init                               0x08001b40   Section        0  stm32f1xx_hal.o(i.HAL_Init)
    i.HAL_InitTick                           0x08001b68   Section        0  stm32f1xx_hal.o(i.HAL_InitTick)
    i.HAL_MspInit                            0x08001b8c   Section        0  stm32f1xx_hal_msp.o(i.HAL_MspInit)
    i.HAL_NVIC_EnableIRQ                     0x08001c18   Section        0  stm32f1xx_hal_cortex.o(i.HAL_NVIC_EnableIRQ)
    i.HAL_NVIC_SetPriority                   0x08001c80   Section        0  stm32f1xx_hal_cortex.o(i.HAL_NVIC_SetPriority)
    i.HAL_NVIC_SetPriorityGrouping           0x08001d54   Section        0  stm32f1xx_hal_cortex.o(i.HAL_NVIC_SetPriorityGrouping)
    i.HAL_PWR_EnableBkUpAccess               0x08001ddc   Section        0  stm32f1xx_hal_pwr.o(i.HAL_PWR_EnableBkUpAccess)
    i.HAL_RCCEx_GetPeriphCLKFreq             0x08001df4   Section        0  stm32f1xx_hal_rcc_ex.o(i.HAL_RCCEx_GetPeriphCLKFreq)
    i.HAL_RCCEx_PeriphCLKConfig              0x08001f9c   Section        0  stm32f1xx_hal_rcc_ex.o(i.HAL_RCCEx_PeriphCLKConfig)
    i.HAL_RCC_ClockConfig                    0x080021d8   Section        0  stm32f1xx_hal_rcc.o(i.HAL_RCC_ClockConfig)
    i.HAL_RCC_GetHCLKFreq                    0x080025b8   Section        0  stm32f1xx_hal_rcc.o(i.HAL_RCC_GetHCLKFreq)
    i.HAL_RCC_GetPCLK1Freq                   0x080025c4   Section        0  stm32f1xx_hal_rcc.o(i.HAL_RCC_GetPCLK1Freq)
    i.HAL_RCC_GetPCLK2Freq                   0x080025f0   Section        0  stm32f1xx_hal_rcc.o(i.HAL_RCC_GetPCLK2Freq)
    i.HAL_RCC_GetSysClockFreq                0x0800261c   Section        0  stm32f1xx_hal_rcc.o(i.HAL_RCC_GetSysClockFreq)
    i.HAL_RCC_OscConfig                      0x080026d0   Section        0  stm32f1xx_hal_rcc.o(i.HAL_RCC_OscConfig)
    i.HAL_RTC_Init                           0x08003118   Section        0  stm32f1xx_hal_rtc.o(i.HAL_RTC_Init)
    i.HAL_RTC_MspInit                        0x08003274   Section        0  rtc.o(i.HAL_RTC_MspInit)
    i.HAL_RTC_WaitForSynchro                 0x080032c4   Section        0  stm32f1xx_hal_rtc.o(i.HAL_RTC_WaitForSynchro)
    i.HAL_SYSTICK_CLKSourceConfig            0x08003304   Section        0  stm32f1xx_hal_cortex.o(i.HAL_SYSTICK_CLKSourceConfig)
    i.HAL_SYSTICK_Callback                   0x08003380   Section        0  main.o(i.HAL_SYSTICK_Callback)
    i.HAL_SYSTICK_Config                     0x08003d74   Section        0  stm32f1xx_hal_cortex.o(i.HAL_SYSTICK_Config)
    i.HAL_SYSTICK_IRQHandler                 0x08003da8   Section        0  stm32f1xx_hal_cortex.o(i.HAL_SYSTICK_IRQHandler)
    i.HAL_TIMEx_ConfigBreakDeadTime          0x08003db0   Section        0  stm32f1xx_hal_tim_ex.o(i.HAL_TIMEx_ConfigBreakDeadTime)
    i.HAL_TIMEx_MasterConfigSynchronization  0x08003f0c   Section        0  stm32f1xx_hal_tim_ex.o(i.HAL_TIMEx_MasterConfigSynchronization)
    i.HAL_TIM_Base_Init                      0x08004038   Section        0  stm32f1xx_hal_tim.o(i.HAL_TIM_Base_Init)
    i.HAL_TIM_Base_MspInit                   0x08004120   Section        0  tim.o(i.HAL_TIM_Base_MspInit)
    i.HAL_TIM_Base_Start_IT                  0x08004164   Section        0  stm32f1xx_hal_tim.o(i.HAL_TIM_Base_Start_IT)
    i.HAL_TIM_Base_Stop_IT                   0x080041f4   Section        0  stm32f1xx_hal_tim.o(i.HAL_TIM_Base_Stop_IT)
    i.HAL_TIM_ConfigClockSource              0x080042a0   Section        0  stm32f1xx_hal_tim.o(i.HAL_TIM_ConfigClockSource)
    i.HAL_TIM_IC_ConfigChannel               0x080047ac   Section        0  stm32f1xx_hal_tim.o(i.HAL_TIM_IC_ConfigChannel)
    i.HAL_TIM_IC_Init                        0x080049f0   Section        0  stm32f1xx_hal_tim.o(i.HAL_TIM_IC_Init)
    i.HAL_TIM_IC_MspInit                     0x08004adc   Section        0  tim.o(i.HAL_TIM_IC_MspInit)
    i.HAL_TIM_IC_Start                       0x08004b44   Section        0  stm32f1xx_hal_tim.o(i.HAL_TIM_IC_Start)
    i.HAL_TIM_MspPostInit                    0x08004c0c   Section        0  tim.o(i.HAL_TIM_MspPostInit)
    i.HAL_TIM_PWM_ConfigChannel              0x08004c54   Section        0  stm32f1xx_hal_tim.o(i.HAL_TIM_PWM_ConfigChannel)
    i.HAL_TIM_PWM_Init                       0x08004eb8   Section        0  stm32f1xx_hal_tim.o(i.HAL_TIM_PWM_Init)
    i.HAL_TIM_PWM_MspInit                    0x08004fa4   Section        0  tim.o(i.HAL_TIM_PWM_MspInit)
    i.HAL_TIM_PWM_Start                      0x08004ff8   Section        0  stm32f1xx_hal_tim.o(i.HAL_TIM_PWM_Start)
    i.HAL_TIM_SlaveConfigSynchronization     0x080050dc   Section        0  stm32f1xx_hal_tim.o(i.HAL_TIM_SlaveConfigSynchronization)
    i.HAL_UART_ErrorCallback                 0x08005204   Section        0  stm32f1xx_hal_uart.o(i.HAL_UART_ErrorCallback)
    i.HAL_UART_IRQHandler                    0x08005206   Section        0  stm32f1xx_hal_uart.o(i.HAL_UART_IRQHandler)
    i.HAL_UART_Init                          0x080052e0   Section        0  stm32f1xx_hal_uart.o(i.HAL_UART_Init)
    i.HAL_UART_MspInit                       0x08005430   Section        0  usart.o(i.HAL_UART_MspInit)
    i.HAL_UART_RxCpltCallback                0x080054b8   Section        0  main.o(i.HAL_UART_RxCpltCallback)
    i.HAL_UART_Transmit_IT                   0x080054e0   Section        0  stm32f1xx_hal_uart.o(i.HAL_UART_Transmit_IT)
    i.HAL_UART_TxCpltCallback                0x08005550   Section        0  main.o(i.HAL_UART_TxCpltCallback)
    i.HardFault_Handler                      0x08005574   Section        0  stm32f1xx_it.o(i.HardFault_Handler)
    i.MX_ADC1_Init                           0x08005578   Section        0  adc.o(i.MX_ADC1_Init)
    i.MX_GPIO_Init                           0x08005618   Section        0  gpio.o(i.MX_GPIO_Init)
    i.MX_RTC_Init                            0x08005700   Section        0  rtc.o(i.MX_RTC_Init)
    i.MX_TIM1_Init                           0x08005740   Section        0  tim.o(i.MX_TIM1_Init)
    i.MX_TIM2_Init                           0x08005830   Section        0  tim.o(i.MX_TIM2_Init)
    i.MX_TIM3_Init                           0x080058c8   Section        0  tim.o(i.MX_TIM3_Init)
    i.MX_TIM4_Init                           0x08005984   Section        0  tim.o(i.MX_TIM4_Init)
    i.MX_USART3_UART_Init                    0x08005a00   Section        0  usart.o(i.MX_USART3_UART_Init)
    i.MemManage_Handler                      0x08005a4c   Section        0  stm32f1xx_it.o(i.MemManage_Handler)
    i.NMI_Handler                            0x08005a50   Section        0  stm32f1xx_it.o(i.NMI_Handler)
    i.NVIC_GetPriorityGrouping               0x08005a54   Section        0  stm32f1xx_hal_cortex.o(i.NVIC_GetPriorityGrouping)
    NVIC_GetPriorityGrouping                 0x08005a55   Thumb Code    10  stm32f1xx_hal_cortex.o(i.NVIC_GetPriorityGrouping)
    i.NVIC_SetPriority                       0x08005a64   Section        0  stm32f1xx_hal_cortex.o(i.NVIC_SetPriority)
    NVIC_SetPriority                         0x08005a65   Thumb Code    32  stm32f1xx_hal_cortex.o(i.NVIC_SetPriority)
    i.PendSV_Handler                         0x08005a8c   Section        0  stm32f1xx_it.o(i.PendSV_Handler)
    i.RTC_EnterInitMode                      0x08005a8e   Section        0  stm32f1xx_hal_rtc.o(i.RTC_EnterInitMode)
    RTC_EnterInitMode                        0x08005a8f   Thumb Code    58  stm32f1xx_hal_rtc.o(i.RTC_EnterInitMode)
    i.RTC_ExitInitMode                       0x08005ac8   Section        0  stm32f1xx_hal_rtc.o(i.RTC_ExitInitMode)
    RTC_ExitInitMode                         0x08005ac9   Thumb Code    58  stm32f1xx_hal_rtc.o(i.RTC_ExitInitMode)
    i.SVC_Handler                            0x08005b02   Section        0  stm32f1xx_it.o(i.SVC_Handler)
    i.SetDutyCycle                           0x08005b04   Section        0  main.o(i.SetDutyCycle)
    i.SetPeriod                              0x08005b68   Section        0  tim.o(i.SetPeriod)
    i.SysTick_Handler                        0x08005ba0   Section        0  stm32f1xx_it.o(i.SysTick_Handler)
    i.SystemClock_Config                     0x08005bac   Section        0  main.o(i.SystemClock_Config)
    i.SystemInit                             0x08005c5c   Section        0  system_stm32f1xx.o(i.SystemInit)
    i.TIM4_IRQHandler                        0x08005cb4   Section        0  main.o(i.TIM4_IRQHandler)
    i.TIM_Base_SetConfig                     0x08005cd0   Section        0  stm32f1xx_hal_tim.o(i.TIM_Base_SetConfig)
    i.TIM_CCxChannelCmd                      0x08005d3c   Section        0  stm32f1xx_hal_tim.o(i.TIM_CCxChannelCmd)
    i.TIM_ETR_SetConfig                      0x08005de8   Section        0  stm32f1xx_hal_tim.o(i.TIM_ETR_SetConfig)
    TIM_ETR_SetConfig                        0x08005de9   Thumb Code    24  stm32f1xx_hal_tim.o(i.TIM_ETR_SetConfig)
    i.TIM_ITRx_SetConfig                     0x08005e00   Section        0  stm32f1xx_hal_tim.o(i.TIM_ITRx_SetConfig)
    TIM_ITRx_SetConfig                       0x08005e01   Thumb Code    20  stm32f1xx_hal_tim.o(i.TIM_ITRx_SetConfig)
    i.TIM_OC1_SetConfig                      0x08005e14   Section        0  stm32f1xx_hal_tim.o(i.TIM_OC1_SetConfig)
    TIM_OC1_SetConfig                        0x08005e15   Thumb Code   182  stm32f1xx_hal_tim.o(i.TIM_OC1_SetConfig)
    i.TIM_OC2_SetConfig                      0x08005f08   Section        0  stm32f1xx_hal_tim.o(i.TIM_OC2_SetConfig)
    i.TIM_OC3_SetConfig                      0x08006004   Section        0  stm32f1xx_hal_tim.o(i.TIM_OC3_SetConfig)
    TIM_OC3_SetConfig                        0x08006005   Thumb Code   190  stm32f1xx_hal_tim.o(i.TIM_OC3_SetConfig)
    i.TIM_OC4_SetConfig                      0x08006100   Section        0  stm32f1xx_hal_tim.o(i.TIM_OC4_SetConfig)
    TIM_OC4_SetConfig                        0x08006101   Thumb Code   110  stm32f1xx_hal_tim.o(i.TIM_OC4_SetConfig)
    i.TIM_SlaveTimer_SetConfig               0x080061ac   Section        0  stm32f1xx_hal_tim.o(i.TIM_SlaveTimer_SetConfig)
    TIM_SlaveTimer_SetConfig                 0x080061ad   Thumb Code   758  stm32f1xx_hal_tim.o(i.TIM_SlaveTimer_SetConfig)
    i.TIM_TI1_ConfigInputStage               0x080064e8   Section        0  stm32f1xx_hal_tim.o(i.TIM_TI1_ConfigInputStage)
    TIM_TI1_ConfigInputStage                 0x080064e9   Thumb Code    42  stm32f1xx_hal_tim.o(i.TIM_TI1_ConfigInputStage)
    i.TIM_TI1_SetConfig                      0x08006514   Section        0  stm32f1xx_hal_tim.o(i.TIM_TI1_SetConfig)
    i.TIM_TI2_ConfigInputStage               0x08006580   Section        0  stm32f1xx_hal_tim.o(i.TIM_TI2_ConfigInputStage)
    TIM_TI2_ConfigInputStage                 0x08006581   Thumb Code    44  stm32f1xx_hal_tim.o(i.TIM_TI2_ConfigInputStage)
    i.TIM_TI2_SetConfig                      0x080065ac   Section        0  stm32f1xx_hal_tim.o(i.TIM_TI2_SetConfig)
    TIM_TI2_SetConfig                        0x080065ad   Thumb Code    62  stm32f1xx_hal_tim.o(i.TIM_TI2_SetConfig)
    i.TIM_TI3_SetConfig                      0x080065ea   Section        0  stm32f1xx_hal_tim.o(i.TIM_TI3_SetConfig)
    TIM_TI3_SetConfig                        0x080065eb   Thumb Code    60  stm32f1xx_hal_tim.o(i.TIM_TI3_SetConfig)
    i.TIM_TI4_SetConfig                      0x08006626   Section        0  stm32f1xx_hal_tim.o(i.TIM_TI4_SetConfig)
    TIM_TI4_SetConfig                        0x08006627   Thumb Code    64  stm32f1xx_hal_tim.o(i.TIM_TI4_SetConfig)
    i.UART_EndTransmit_IT                    0x08006666   Section        0  stm32f1xx_hal_uart.o(i.UART_EndTransmit_IT)
    UART_EndTransmit_IT                      0x08006667   Thumb Code    48  stm32f1xx_hal_uart.o(i.UART_EndTransmit_IT)
    i.UART_SetConfig                         0x08006698   Section        0  stm32f1xx_hal_uart.o(i.UART_SetConfig)
    UART_SetConfig                           0x08006699   Thumb Code   550  stm32f1xx_hal_uart.o(i.UART_SetConfig)
    i.UART_Transmit_IT                       0x08006904   Section        0  stm32f1xx_hal_uart.o(i.UART_Transmit_IT)
    UART_Transmit_IT                         0x08006905   Thumb Code   112  stm32f1xx_hal_uart.o(i.UART_Transmit_IT)
    i.USART3_IRQHandler                      0x08006974   Section        0  main.o(i.USART3_IRQHandler)
    i.UsageFault_Handler                     0x08006984   Section        0  stm32f1xx_it.o(i.UsageFault_Handler)
    i.WriteCrc16                             0x08006988   Section        0  crc16.o(i.WriteCrc16)
    i._Error_Handler                         0x080069a8   Section        0  main.o(i._Error_Handler)
    i.__scatterload_copy                     0x080069ac   Section       14  handlers.o(i.__scatterload_copy)
    i.__scatterload_null                     0x080069ba   Section        2  handlers.o(i.__scatterload_null)
    i.__scatterload_zeroinit                 0x080069bc   Section       14  handlers.o(i.__scatterload_zeroinit)
    i.assert_failed                          0x080069ca   Section        0  main.o(i.assert_failed)
    i.main                                   0x080069cc   Section        0  main.o(i.main)
    i.mb_event                               0x08006be8   Section        0  modbus_config.o(i.mb_event)
    i.mb_read_registers                      0x08006c28   Section        0  main.o(i.mb_read_registers)
    i.mb_slave_init                          0x08006d00   Section        0  mb_slave.o(i.mb_slave_init)
    i.mb_slave_parse_packet                  0x08006dc0   Section        0  mb_slave.o(i.mb_slave_parse_packet)
    i.mb_slave_recive                        0x08006fda   Section        0  mb_slave.o(i.mb_slave_recive)
    i.mb_slave_send_error                    0x08007040   Section        0  mb_slave.o(i.mb_slave_send_error)
    i.mb_slave_start_packet                  0x0800707c   Section        0  mb_slave.o(i.mb_slave_start_packet)
    i.mb_slave_start_tx                      0x080070b6   Section        0  mb_slave.o(i.mb_slave_start_tx)
    i.mb_slave_timer_expired                 0x080070fe   Section        0  mb_slave.o(i.mb_slave_timer_expired)
    i.mb_timer_disable                       0x08007154   Section        0  modbus_config.o(i.mb_timer_disable)
    i.mb_timer_enable                        0x08007164   Section        0  modbus_config.o(i.mb_timer_enable)
    i.mb_timer_init                          0x08007174   Section        0  modbus_config.o(i.mb_timer_init)
    i.mb_timer_reset                         0x08007198   Section        0  modbus_config.o(i.mb_timer_reset)
    i.mb_tx                                  0x080071b4   Section        0  modbus_config.o(i.mb_tx)
    i.mb_write_registers                     0x080071f4   Section        0  main.o(i.mb_write_registers)
    i.usart_enable                           0x0800725c   Section        0  modbus_config.o(i.usart_enable)
    i.usart_init                             0x08007262   Section        0  modbus_config.o(i.usart_init)
    i.usart_int_enable                       0x08007268   Section        0  main.o(i.usart_int_enable)
    .constdata                               0x080072a0   Section     1024  crc16.o(.constdata)
    wCRCTable                                0x080074a0   Data         512  crc16.o(.constdata)
    .constdata                               0x080076a0   Section       24  system_stm32f1xx.o(.constdata)
    .data                                    0x20000000   Section       78  main.o(.data)
    .data                                    0x20000050   Section        4  mb_slave.o(.data)
    .data                                    0x20000054   Section      120  modbus_config.o(.data)
    .data                                    0x200000cc   Section        4  stm32f1xx_hal.o(.data)
    uwTick                                   0x200000cc   Data           4  stm32f1xx_hal.o(.data)
    .data                                    0x200000d0   Section        4  system_stm32f1xx.o(.data)
    .bss                                     0x200000d4   Section       64  usart.o(.bss)
    .bss                                     0x20000114   Section      240  tim.o(.bss)
    .bss                                     0x20000204   Section      104  adc.o(.bss)
    .bss                                     0x2000026c   Section       20  rtc.o(.bss)
    .bss                                     0x20000280   Section      178  main.o(.bss)
    .bss                                     0x20000332   Section     2000  modbus_config.o(.bss)
    STACK                                    0x20000b08   Section     1024  startup_stm32f103xb.o(STACK)

    Global Symbols

    Symbol Name                              Value     Ov Type        Size  Object(Section)

    BuildAttributes$$THM_ISAv4$P$D$K$B$S$PE$A:L22UL41UL21$X:L11$S22US41US21$IEEE1$IW$USESV6$~STKCKD$USESV7$~SHL$OSPACE$EBA8$MICROLIB$REQ8$PRES8$EABIv2 0x00000000   Number         0  anon$$obj.o ABSOLUTE
    __ARM_use_no_argv                        0x00000000   Number         0  main.o ABSOLUTE
    __cpp_initialize__aeabi_                  - Undefined Weak Reference
    __cxa_finalize                            - Undefined Weak Reference
    __decompress                              - Undefined Weak Reference
    _clock_init                               - Undefined Weak Reference
    _microlib_exit                            - Undefined Weak Reference
    __Vectors_Size                           0x000000ec   Number         0  startup_stm32f103xb.o ABSOLUTE
    __Vectors                                0x08000000   Data           4  startup_stm32f103xb.o(RESET)
    __Vectors_End                            0x080000ec   Data           0  startup_stm32f103xb.o(RESET)
    __main                                   0x080000ed   Thumb Code     0  entry.o(.ARM.Collect$$$$00000000)
    _main_stk                                0x080000ed   Thumb Code     0  entry2.o(.ARM.Collect$$$$00000001)
    _main_scatterload                        0x080000f1   Thumb Code     0  entry5.o(.ARM.Collect$$$$00000004)
    __main_after_scatterload                 0x080000f5   Thumb Code     0  entry5.o(.ARM.Collect$$$$00000004)
    _main_clock                              0x080000f5   Thumb Code     0  entry7b.o(.ARM.Collect$$$$00000008)
    _main_cpp_init                           0x080000f5   Thumb Code     0  entry8b.o(.ARM.Collect$$$$0000000A)
    _main_init                               0x080000f5   Thumb Code     0  entry9a.o(.ARM.Collect$$$$0000000B)
    __rt_final_cpp                           0x080000fd   Thumb Code     0  entry10a.o(.ARM.Collect$$$$0000000D)
    __rt_final_exit                          0x080000fd   Thumb Code     0  entry11a.o(.ARM.Collect$$$$0000000F)
    Reset_Handler                            0x08000101   Thumb Code     8  startup_stm32f103xb.o(.text)
    ADC1_2_IRQHandler                        0x0800011b   Thumb Code     0  startup_stm32f103xb.o(.text)
    CAN1_RX1_IRQHandler                      0x0800011b   Thumb Code     0  startup_stm32f103xb.o(.text)
    CAN1_SCE_IRQHandler                      0x0800011b   Thumb Code     0  startup_stm32f103xb.o(.text)
    DMA1_Channel2_IRQHandler                 0x0800011b   Thumb Code     0  startup_stm32f103xb.o(.text)
    DMA1_Channel3_IRQHandler                 0x0800011b   Thumb Code     0  startup_stm32f103xb.o(.text)
    DMA1_Channel4_IRQHandler                 0x0800011b   Thumb Code     0  startup_stm32f103xb.o(.text)
    DMA1_Channel5_IRQHandler                 0x0800011b   Thumb Code     0  startup_stm32f103xb.o(.text)
    DMA1_Channel6_IRQHandler                 0x0800011b   Thumb Code     0  startup_stm32f103xb.o(.text)
    DMA1_Channel7_IRQHandler                 0x0800011b   Thumb Code     0  startup_stm32f103xb.o(.text)
    EXTI0_IRQHandler                         0x0800011b   Thumb Code     0  startup_stm32f103xb.o(.text)
    EXTI15_10_IRQHandler                     0x0800011b   Thumb Code     0  startup_stm32f103xb.o(.text)
    EXTI1_IRQHandler                         0x0800011b   Thumb Code     0  startup_stm32f103xb.o(.text)
    EXTI2_IRQHandler                         0x0800011b   Thumb Code     0  startup_stm32f103xb.o(.text)
    EXTI3_IRQHandler                         0x0800011b   Thumb Code     0  startup_stm32f103xb.o(.text)
    EXTI4_IRQHandler                         0x0800011b   Thumb Code     0  startup_stm32f103xb.o(.text)
    EXTI9_5_IRQHandler                       0x0800011b   Thumb Code     0  startup_stm32f103xb.o(.text)
    FLASH_IRQHandler                         0x0800011b   Thumb Code     0  startup_stm32f103xb.o(.text)
    I2C1_ER_IRQHandler                       0x0800011b   Thumb Code     0  startup_stm32f103xb.o(.text)
    I2C1_EV_IRQHandler                       0x0800011b   Thumb Code     0  startup_stm32f103xb.o(.text)
    I2C2_ER_IRQHandler                       0x0800011b   Thumb Code     0  startup_stm32f103xb.o(.text)
    I2C2_EV_IRQHandler                       0x0800011b   Thumb Code     0  startup_stm32f103xb.o(.text)
    PVD_IRQHandler                           0x0800011b   Thumb Code     0  startup_stm32f103xb.o(.text)
    RCC_IRQHandler                           0x0800011b   Thumb Code     0  startup_stm32f103xb.o(.text)
    RTC_Alarm_IRQHandler                     0x0800011b   Thumb Code     0  startup_stm32f103xb.o(.text)
    RTC_IRQHandler                           0x0800011b   Thumb Code     0  startup_stm32f103xb.o(.text)
    SPI1_IRQHandler                          0x0800011b   Thumb Code     0  startup_stm32f103xb.o(.text)
    SPI2_IRQHandler                          0x0800011b   Thumb Code     0  startup_stm32f103xb.o(.text)
    TAMPER_IRQHandler                        0x0800011b   Thumb Code     0  startup_stm32f103xb.o(.text)
    TIM1_BRK_IRQHandler                      0x0800011b   Thumb Code     0  startup_stm32f103xb.o(.text)
    TIM1_CC_IRQHandler                       0x0800011b   Thumb Code     0  startup_stm32f103xb.o(.text)
    TIM1_TRG_COM_IRQHandler                  0x0800011b   Thumb Code     0  startup_stm32f103xb.o(.text)
    TIM1_UP_IRQHandler                       0x0800011b   Thumb Code     0  startup_stm32f103xb.o(.text)
    TIM2_IRQHandler                          0x0800011b   Thumb Code     0  startup_stm32f103xb.o(.text)
    TIM3_IRQHandler                          0x0800011b   Thumb Code     0  startup_stm32f103xb.o(.text)
    USART1_IRQHandler                        0x0800011b   Thumb Code     0  startup_stm32f103xb.o(.text)
    USART2_IRQHandler                        0x0800011b   Thumb Code     0  startup_stm32f103xb.o(.text)
    USBWakeUp_IRQHandler                     0x0800011b   Thumb Code     0  startup_stm32f103xb.o(.text)
    USB_HP_CAN1_TX_IRQHandler                0x0800011b   Thumb Code     0  startup_stm32f103xb.o(.text)
    USB_LP_CAN1_RX0_IRQHandler               0x0800011b   Thumb Code     0  startup_stm32f103xb.o(.text)
    WWDG_IRQHandler                          0x0800011b   Thumb Code     0  startup_stm32f103xb.o(.text)
    __scatterload                            0x08000125   Thumb Code    28  init.o(.text)
    __scatterload_rt2                        0x08000125   Thumb Code     0  init.o(.text)
    ADC_ConversionStop_Disable               0x08000149   Thumb Code    82  stm32f1xx_hal_adc.o(i.ADC_ConversionStop_Disable)
    ADC_DMAConvCplt                          0x0800019b   Thumb Code    82  stm32f1xx_hal_adc.o(i.ADC_DMAConvCplt)
    ADC_DMAError                             0x080001ed   Thumb Code    30  stm32f1xx_hal_adc.o(i.ADC_DMAError)
    ADC_DMAHalfConvCplt                      0x0800020b   Thumb Code    14  stm32f1xx_hal_adc.o(i.ADC_DMAHalfConvCplt)
    ADC_Enable                               0x08000219   Thumb Code   122  stm32f1xx_hal_adc.o(i.ADC_Enable)
    BusFault_Handler                         0x0800029d   Thumb Code     4  stm32f1xx_it.o(i.BusFault_Handler)
    CalcCrc16                                0x080002a1   Thumb Code    40  crc16.o(i.CalcCrc16)
    Color_Sens_Set                           0x080002cd   Thumb Code   424  main.o(i.Color_Sens_Set)
    DMA1_Channel1_IRQHandler                 0x0800047d   Thumb Code    10  main.o(i.DMA1_Channel1_IRQHandler)
    DebugMon_Handler                         0x080004ad   Thumb Code     2  stm32f1xx_it.o(i.DebugMon_Handler)
    EnterCritSection                         0x080004b1   Thumb Code    16  mb_slave.o(i.EnterCritSection)
    ExitCritSection                          0x080004c5   Thumb Code    22  mb_slave.o(i.ExitCritSection)
    Flash_Restore                            0x080004e1   Thumb Code    74  main.o(i.Flash_Restore)
    Get_ColorSens_Val                        0x08000541   Thumb Code   534  main.o(i.Get_ColorSens_Val)
    HAL_ADC_ConfigChannel                    0x08000765   Thumb Code   752  stm32f1xx_hal_adc.o(i.HAL_ADC_ConfigChannel)
    HAL_ADC_ConvCpltCallback                 0x08000a9d   Thumb Code     2  stm32f1xx_hal_adc.o(i.HAL_ADC_ConvCpltCallback)
    HAL_ADC_ConvHalfCpltCallback             0x08000a9f   Thumb Code     2  stm32f1xx_hal_adc.o(i.HAL_ADC_ConvHalfCpltCallback)
    HAL_ADC_ErrorCallback                    0x08000aa1   Thumb Code     2  stm32f1xx_hal_adc.o(i.HAL_ADC_ErrorCallback)
    HAL_ADC_Init                             0x08000aa5   Thumb Code   574  stm32f1xx_hal_adc.o(i.HAL_ADC_Init)
    HAL_ADC_MspInit                          0x08000d2d   Thumb Code   138  adc.o(i.HAL_ADC_MspInit)
    HAL_ADC_Start                            0x08000de1   Thumb Code   326  stm32f1xx_hal_adc.o(i.HAL_ADC_Start)
    HAL_ADC_Start_DMA                        0x08000f69   Thumb Code   382  stm32f1xx_hal_adc.o(i.HAL_ADC_Start_DMA)
    HAL_DMA_IRQHandler                       0x08001135   Thumb Code   780  stm32f1xx_hal_dma.o(i.HAL_DMA_IRQHandler)
    HAL_DMA_Init                             0x08001445   Thumb Code   350  stm32f1xx_hal_dma.o(i.HAL_DMA_Init)
    HAL_DMA_Start_IT                         0x080015e1   Thumb Code   138  stm32f1xx_hal_dma.o(i.HAL_DMA_Start_IT)
    HAL_Delay                                0x080016a5   Thumb Code    26  stm32f1xx_hal.o(i.HAL_Delay)
    HAL_GPIO_Init                            0x080016c1   Thumb Code   892  stm32f1xx_hal_gpio.o(i.HAL_GPIO_Init)
    HAL_GPIO_WritePin                        0x08001ab1   Thumb Code    54  stm32f1xx_hal_gpio.o(i.HAL_GPIO_WritePin)
    HAL_GetTick                              0x08001b25   Thumb Code     6  stm32f1xx_hal.o(i.HAL_GetTick)
    HAL_IncTick                              0x08001b31   Thumb Code    12  stm32f1xx_hal.o(i.HAL_IncTick)
    HAL_Init                                 0x08001b41   Thumb Code    34  stm32f1xx_hal.o(i.HAL_Init)
    HAL_InitTick                             0x08001b69   Thumb Code    36  stm32f1xx_hal.o(i.HAL_InitTick)
    HAL_MspInit                              0x08001b8d   Thumb Code   130  stm32f1xx_hal_msp.o(i.HAL_MspInit)
    HAL_NVIC_EnableIRQ                       0x08001c19   Thumb Code    44  stm32f1xx_hal_cortex.o(i.HAL_NVIC_EnableIRQ)
    HAL_NVIC_SetPriority                     0x08001c81   Thumb Code   152  stm32f1xx_hal_cortex.o(i.HAL_NVIC_SetPriority)
    HAL_NVIC_SetPriorityGrouping             0x08001d55   Thumb Code    66  stm32f1xx_hal_cortex.o(i.HAL_NVIC_SetPriorityGrouping)
    HAL_PWR_EnableBkUpAccess                 0x08001ddd   Thumb Code    20  stm32f1xx_hal_pwr.o(i.HAL_PWR_EnableBkUpAccess)
    HAL_RCCEx_GetPeriphCLKFreq               0x08001df5   Thumb Code   330  stm32f1xx_hal_rcc_ex.o(i.HAL_RCCEx_GetPeriphCLKFreq)
    HAL_RCCEx_PeriphCLKConfig                0x08001f9d   Thumb Code   500  stm32f1xx_hal_rcc_ex.o(i.HAL_RCCEx_PeriphCLKConfig)
    HAL_RCC_ClockConfig                      0x080021d9   Thumb Code   920  stm32f1xx_hal_rcc.o(i.HAL_RCC_ClockConfig)
    HAL_RCC_GetHCLKFreq                      0x080025b9   Thumb Code     6  stm32f1xx_hal_rcc.o(i.HAL_RCC_GetHCLKFreq)
    HAL_RCC_GetPCLK1Freq                     0x080025c5   Thumb Code    36  stm32f1xx_hal_rcc.o(i.HAL_RCC_GetPCLK1Freq)
    HAL_RCC_GetPCLK2Freq                     0x080025f1   Thumb Code    36  stm32f1xx_hal_rcc.o(i.HAL_RCC_GetPCLK2Freq)
    HAL_RCC_GetSysClockFreq                  0x0800261d   Thumb Code   146  stm32f1xx_hal_rcc.o(i.HAL_RCC_GetSysClockFreq)
    HAL_RCC_OscConfig                        0x080026d1   Thumb Code  2624  stm32f1xx_hal_rcc.o(i.HAL_RCC_OscConfig)
    HAL_RTC_Init                             0x08003119   Thumb Code   282  stm32f1xx_hal_rtc.o(i.HAL_RTC_Init)
    HAL_RTC_MspInit                          0x08003275   Thumb Code    68  rtc.o(i.HAL_RTC_MspInit)
    HAL_RTC_WaitForSynchro                   0x080032c5   Thumb Code    64  stm32f1xx_hal_rtc.o(i.HAL_RTC_WaitForSynchro)
    HAL_SYSTICK_CLKSourceConfig              0x08003305   Thumb Code    62  stm32f1xx_hal_cortex.o(i.HAL_SYSTICK_CLKSourceConfig)
    HAL_SYSTICK_Callback                     0x08003381   Thumb Code  2498  main.o(i.HAL_SYSTICK_Callback)
    HAL_SYSTICK_Config                       0x08003d75   Thumb Code    52  stm32f1xx_hal_cortex.o(i.HAL_SYSTICK_Config)
    HAL_SYSTICK_IRQHandler                   0x08003da9   Thumb Code     8  stm32f1xx_hal_cortex.o(i.HAL_SYSTICK_IRQHandler)
    HAL_TIMEx_ConfigBreakDeadTime            0x08003db1   Thumb Code   282  stm32f1xx_hal_tim_ex.o(i.HAL_TIMEx_ConfigBreakDeadTime)
    HAL_TIMEx_MasterConfigSynchronization    0x08003f0d   Thumb Code   226  stm32f1xx_hal_tim_ex.o(i.HAL_TIMEx_MasterConfigSynchronization)
    HAL_TIM_Base_Init                        0x08004039   Thumb Code   162  stm32f1xx_hal_tim.o(i.HAL_TIM_Base_Init)
    HAL_TIM_Base_MspInit                     0x08004121   Thumb Code    58  tim.o(i.HAL_TIM_Base_MspInit)
    HAL_TIM_Base_Start_IT                    0x08004165   Thumb Code    76  stm32f1xx_hal_tim.o(i.HAL_TIM_Base_Start_IT)
    HAL_TIM_Base_Stop_IT                     0x080041f5   Thumb Code   102  stm32f1xx_hal_tim.o(i.HAL_TIM_Base_Stop_IT)
    HAL_TIM_ConfigClockSource                0x080042a1   Thumb Code  1278  stm32f1xx_hal_tim.o(i.HAL_TIM_ConfigClockSource)
    HAL_TIM_IC_ConfigChannel                 0x080047ad   Thumb Code   510  stm32f1xx_hal_tim.o(i.HAL_TIM_IC_ConfigChannel)
    HAL_TIM_IC_Init                          0x080049f1   Thumb Code   168  stm32f1xx_hal_tim.o(i.HAL_TIM_IC_Init)
    HAL_TIM_IC_MspInit                       0x08004add   Thumb Code    90  tim.o(i.HAL_TIM_IC_MspInit)
    HAL_TIM_IC_Start                         0x08004b45   Thumb Code   132  stm32f1xx_hal_tim.o(i.HAL_TIM_IC_Start)
    HAL_TIM_MspPostInit                      0x08004c0d   Thumb Code    62  tim.o(i.HAL_TIM_MspPostInit)
    HAL_TIM_PWM_ConfigChannel                0x08004c55   Thumb Code   542  stm32f1xx_hal_tim.o(i.HAL_TIM_PWM_ConfigChannel)
    HAL_TIM_PWM_Init                         0x08004eb9   Thumb Code   168  stm32f1xx_hal_tim.o(i.HAL_TIM_PWM_Init)
    HAL_TIM_PWM_MspInit                      0x08004fa5   Thumb Code    76  tim.o(i.HAL_TIM_PWM_MspInit)
    HAL_TIM_PWM_Start                        0x08004ff9   Thumb Code   160  stm32f1xx_hal_tim.o(i.HAL_TIM_PWM_Start)
    HAL_TIM_SlaveConfigSynchronization       0x080050dd   Thumb Code   228  stm32f1xx_hal_tim.o(i.HAL_TIM_SlaveConfigSynchronization)
    HAL_UART_ErrorCallback                   0x08005205   Thumb Code     2  stm32f1xx_hal_uart.o(i.HAL_UART_ErrorCallback)
    HAL_UART_IRQHandler                      0x08005207   Thumb Code   218  stm32f1xx_hal_uart.o(i.HAL_UART_IRQHandler)
    HAL_UART_Init                            0x080052e1   Thumb Code   262  stm32f1xx_hal_uart.o(i.HAL_UART_Init)
    HAL_UART_MspInit                         0x08005431   Thumb Code   118  usart.o(i.HAL_UART_MspInit)
    HAL_UART_RxCpltCallback                  0x080054b9   Thumb Code    32  main.o(i.HAL_UART_RxCpltCallback)
    HAL_UART_Transmit_IT                     0x080054e1   Thumb Code   110  stm32f1xx_hal_uart.o(i.HAL_UART_Transmit_IT)
    HAL_UART_TxCpltCallback                  0x08005551   Thumb Code    26  main.o(i.HAL_UART_TxCpltCallback)
    HardFault_Handler                        0x08005575   Thumb Code     4  stm32f1xx_it.o(i.HardFault_Handler)
    MX_ADC1_Init                             0x08005579   Thumb Code   136  adc.o(i.MX_ADC1_Init)
    MX_GPIO_Init                             0x08005619   Thumb Code   216  gpio.o(i.MX_GPIO_Init)
    MX_RTC_Init                              0x08005701   Thumb Code    38  rtc.o(i.MX_RTC_Init)
    MX_TIM1_Init                             0x08005741   Thumb Code   216  tim.o(i.MX_TIM1_Init)
    MX_TIM2_Init                             0x08005831   Thumb Code   130  tim.o(i.MX_TIM2_Init)
    MX_TIM3_Init                             0x080058c9   Thumb Code   164  tim.o(i.MX_TIM3_Init)
    MX_TIM4_Init                             0x08005985   Thumb Code   100  tim.o(i.MX_TIM4_Init)
    MX_USART3_UART_Init                      0x08005a01   Thumb Code    50  usart.o(i.MX_USART3_UART_Init)
    MemManage_Handler                        0x08005a4d   Thumb Code     4  stm32f1xx_it.o(i.MemManage_Handler)
    NMI_Handler                              0x08005a51   Thumb Code     2  stm32f1xx_it.o(i.NMI_Handler)
    PendSV_Handler                           0x08005a8d   Thumb Code     2  stm32f1xx_it.o(i.PendSV_Handler)
    SVC_Handler                              0x08005b03   Thumb Code     2  stm32f1xx_it.o(i.SVC_Handler)
    SetDutyCycle                             0x08005b05   Thumb Code    98  main.o(i.SetDutyCycle)
    SetPeriod                                0x08005b69   Thumb Code    52  tim.o(i.SetPeriod)
    SysTick_Handler                          0x08005ba1   Thumb Code    12  stm32f1xx_it.o(i.SysTick_Handler)
    SystemClock_Config                       0x08005bad   Thumb Code   158  main.o(i.SystemClock_Config)
    SystemInit                               0x08005c5d   Thumb Code    70  system_stm32f1xx.o(i.SystemInit)
    TIM4_IRQHandler                          0x08005cb5   Thumb Code    20  main.o(i.TIM4_IRQHandler)
    TIM_Base_SetConfig                       0x08005cd1   Thumb Code    94  stm32f1xx_hal_tim.o(i.TIM_Base_SetConfig)
    TIM_CCxChannelCmd                        0x08005d3d   Thumb Code   104  stm32f1xx_hal_tim.o(i.TIM_CCxChannelCmd)
    TIM_OC2_SetConfig                        0x08005f09   Thumb Code   190  stm32f1xx_hal_tim.o(i.TIM_OC2_SetConfig)
    TIM_TI1_SetConfig                        0x08006515   Thumb Code    94  stm32f1xx_hal_tim.o(i.TIM_TI1_SetConfig)
    USART3_IRQHandler                        0x08006975   Thumb Code    10  main.o(i.USART3_IRQHandler)
    UsageFault_Handler                       0x08006985   Thumb Code     4  stm32f1xx_it.o(i.UsageFault_Handler)
    WriteCrc16                               0x08006989   Thumb Code    32  crc16.o(i.WriteCrc16)
    _Error_Handler                           0x080069a9   Thumb Code     4  main.o(i._Error_Handler)
    __scatterload_copy                       0x080069ad   Thumb Code    14  handlers.o(i.__scatterload_copy)
    __scatterload_null                       0x080069bb   Thumb Code     2  handlers.o(i.__scatterload_null)
    __scatterload_zeroinit                   0x080069bd   Thumb Code    14  handlers.o(i.__scatterload_zeroinit)
    assert_failed                            0x080069cb   Thumb Code     2  main.o(i.assert_failed)
    main                                     0x080069cd   Thumb Code   452  main.o(i.main)
    mb_event                                 0x08006be9   Thumb Code    56  modbus_config.o(i.mb_event)
    mb_read_registers                        0x08006c29   Thumb Code   188  main.o(i.mb_read_registers)
    mb_slave_init                            0x08006d01   Thumb Code   188  mb_slave.o(i.mb_slave_init)
    mb_slave_parse_packet                    0x08006dc1   Thumb Code   538  mb_slave.o(i.mb_slave_parse_packet)
    mb_slave_recive                          0x08006fdb   Thumb Code   102  mb_slave.o(i.mb_slave_recive)
    mb_slave_send_error                      0x08007041   Thumb Code    60  mb_slave.o(i.mb_slave_send_error)
    mb_slave_start_packet                    0x0800707d   Thumb Code    58  mb_slave.o(i.mb_slave_start_packet)
    mb_slave_start_tx                        0x080070b7   Thumb Code    72  mb_slave.o(i.mb_slave_start_tx)
    mb_slave_timer_expired                   0x080070ff   Thumb Code    84  mb_slave.o(i.mb_slave_timer_expired)
    mb_timer_disable                         0x08007155   Thumb Code    12  modbus_config.o(i.mb_timer_disable)
    mb_timer_enable                          0x08007165   Thumb Code    12  modbus_config.o(i.mb_timer_enable)
    mb_timer_init                            0x08007175   Thumb Code    26  modbus_config.o(i.mb_timer_init)
    mb_timer_reset                           0x08007199   Thumb Code    18  modbus_config.o(i.mb_timer_reset)
    mb_tx                                    0x080071b5   Thumb Code    52  modbus_config.o(i.mb_tx)
    mb_write_registers                       0x080071f5   Thumb Code    90  main.o(i.mb_write_registers)
    usart_enable                             0x0800725d   Thumb Code     6  modbus_config.o(i.usart_enable)
    usart_init                               0x08007263   Thumb Code     6  modbus_config.o(i.usart_init)
    usart_int_enable                         0x08007269   Thumb Code    50  main.o(i.usart_int_enable)
    srCRCHi                                  0x080072a0   Data         256  crc16.o(.constdata)
    srCRCLo                                  0x080073a0   Data         256  crc16.o(.constdata)
    AHBPrescTable                            0x080076a0   Data          16  system_stm32f1xx.o(.constdata)
    APBPrescTable                            0x080076b0   Data           8  system_stm32f1xx.o(.constdata)
    Region$$Table$$Base                      0x080076b8   Number         0  anon$$obj.o(Region$$Table)
    Region$$Table$$Limit                     0x080076d8   Number         0  anon$$obj.o(Region$$Table)
    isPassword                               0x20000000   Data           1  main.o(.data)
    m_hostTimeout                            0x20000004   Data           4  main.o(.data)
    m_isPasswordValid                        0x20000008   Data           1  main.o(.data)
    BUF1                                     0x2000000c   Data           4  main.o(.data)
    BUF2                                     0x20000010   Data           4  main.o(.data)
    NbrOfPage                                0x20000014   Data           4  main.o(.data)
    EraseCounter                             0x20000018   Data           4  main.o(.data)
    Address                                  0x2000001c   Data           4  main.o(.data)
    Flash_Params                             0x20000020   Data           4  main.o(.data)
    PARAMS_BUF                               0x20000024   Data           4  main.o(.data)
    flash_status                             0x20000028   Data           1  main.o(.data)
    red                                      0x20000029   Data           1  main.o(.data)
    green                                    0x2000002a   Data           1  main.o(.data)
    blue                                     0x2000002b   Data           1  main.o(.data)
    white                                    0x2000002c   Data           1  main.o(.data)
    ir                                       0x2000002d   Data           1  main.o(.data)
    pump                                     0x2000002e   Data           1  main.o(.data)
    ccr1_val                                 0x20000030   Data           2  main.o(.data)
    ccr2_val                                 0x20000032   Data           2  main.o(.data)
    oe                                       0x20000034   Data           2  main.o(.data)
    usart_init_msg                           0x20000036   Data           1  main.o(.data)
    is_init                                  0x20000037   Data           1  main.o(.data)
    status                                   0x20000038   Data           1  main.o(.data)
    lpBuf                                    0x2000003a   Data           6  main.o(.data)
    step_num                                 0x20000040   Data           1  main.o(.data)
    step_num2                                0x20000041   Data           1  main.o(.data)
    frwd                                     0x20000042   Data           1  main.o(.data)
    prew_frwd                                0x20000043   Data           1  main.o(.data)
    step                                     0x20000044   Data           1  main.o(.data)
    shift                                    0x20000045   Data           1  main.o(.data)
    wait_step                                0x20000046   Data           2  main.o(.data)
    wait                                     0x20000048   Data           2  main.o(.data)
    stp_n                                    0x2000004a   Data           1  main.o(.data)
    quarter                                  0x2000004b   Data           1  main.o(.data)
    chng                                     0x2000004c   Data           2  main.o(.data)
    IrqCounter                               0x20000050   Data           4  mb_slave.o(.data)
    m_lpRwRegsMode                           0x20000054   Data           4  modbus_config.o(.data)
    m_RwRegsModeLen                          0x20000058   Data           4  modbus_config.o(.data)
    m_mbParam                                0x2000005c   Data         112  modbus_config.o(.data)
    SystemCoreClock                          0x200000d0   Data           4  system_stm32f1xx.o(.data)
    huart3                                   0x200000d4   Data          64  usart.o(.bss)
    htim1                                    0x20000114   Data          60  tim.o(.bss)
    htim2                                    0x20000150   Data          60  tim.o(.bss)
    htim3                                    0x2000018c   Data          60  tim.o(.bss)
    htim4                                    0x200001c8   Data          60  tim.o(.bss)
    hadc1                                    0x20000204   Data          48  adc.o(.bss)
    hdma_adc1                                0x20000234   Data          56  adc.o(.bss)
    hrtc                                     0x2000026c   Data          20  rtc.o(.bss)
    out_freq_val                             0x20000280   Data          48  main.o(.bss)
    Params                                   0x200002b0   Data         130  main.o(.bss)
    m_mbRxBuf                                0x20000332   Data        1000  modbus_config.o(.bss)
    m_mbTxBuf                                0x2000071a   Data        1000  modbus_config.o(.bss)
    __initial_sp                             0x20000f08   Data           0  startup_stm32f103xb.o(STACK)



==============================================================================

Memory Map of the image

  Image Entry point : 0x080000ed

  Load Region LR_IROM1 (Base: 0x08000000, Size: 0x000077ac, Max: 0x00020000, ABSOLUTE)

    Execution Region ER_IROM1 (Base: 0x08000000, Size: 0x000076d8, Max: 0x00020000, ABSOLUTE)

    Base Addr    Size         Type   Attr      Idx    E Section Name        Object

    0x08000000   0x000000ec   Data   RO          832    RESET               startup_stm32f103xb.o
    0x080000ec   0x00000000   Code   RO         3450  * .ARM.Collect$$$$00000000  mc_w.l(entry.o)
    0x080000ec   0x00000004   Code   RO         3455    .ARM.Collect$$$$00000001  mc_w.l(entry2.o)
    0x080000f0   0x00000004   Code   RO         3458    .ARM.Collect$$$$00000004  mc_w.l(entry5.o)
    0x080000f4   0x00000000   Code   RO         3460    .ARM.Collect$$$$00000008  mc_w.l(entry7b.o)
    0x080000f4   0x00000000   Code   RO         3462    .ARM.Collect$$$$0000000A  mc_w.l(entry8b.o)
    0x080000f4   0x00000008   Code   RO         3463    .ARM.Collect$$$$0000000B  mc_w.l(entry9a.o)
    0x080000fc   0x00000000   Code   RO         3465    .ARM.Collect$$$$0000000D  mc_w.l(entry10a.o)
    0x080000fc   0x00000000   Code   RO         3467    .ARM.Collect$$$$0000000F  mc_w.l(entry11a.o)
    0x080000fc   0x00000004   Code   RO         3456    .ARM.Collect$$$$00002712  mc_w.l(entry2.o)
    0x08000100   0x00000024   Code   RO          833    .text               startup_stm32f103xb.o
    0x08000124   0x00000024   Code   RO         3469    .text               mc_w.l(init.o)
    0x08000148   0x00000052   Code   RO         2797    i.ADC_ConversionStop_Disable  stm32f1xx_hal_adc.o
    0x0800019a   0x00000052   Code   RO         2798    i.ADC_DMAConvCplt   stm32f1xx_hal_adc.o
    0x080001ec   0x0000001e   Code   RO         2799    i.ADC_DMAError      stm32f1xx_hal_adc.o
    0x0800020a   0x0000000e   Code   RO         2800    i.ADC_DMAHalfConvCplt  stm32f1xx_hal_adc.o
    0x08000218   0x00000084   Code   RO         2801    i.ADC_Enable        stm32f1xx_hal_adc.o
    0x0800029c   0x00000004   Code   RO          238    i.BusFault_Handler  stm32f1xx_it.o
    0x080002a0   0x0000002c   Code   RO          640    i.CalcCrc16         crc16.o
    0x080002cc   0x000001b0   Code   RO          446    i.Color_Sens_Set    main.o
    0x0800047c   0x00000010   Code   RO          447    i.DMA1_Channel1_IRQHandler  main.o
    0x0800048c   0x00000020   Code   RO          840    i.DMA_SetConfig     stm32f1xx_hal_dma.o
    0x080004ac   0x00000002   Code   RO          239    i.DebugMon_Handler  stm32f1xx_it.o
    0x080004ae   0x00000002   PAD
    0x080004b0   0x00000014   Code   RO          679    i.EnterCritSection  mb_slave.o
    0x080004c4   0x0000001c   Code   RO          680    i.ExitCritSection   mb_slave.o
    0x080004e0   0x00000060   Code   RO          448    i.Flash_Restore     main.o
    0x08000540   0x00000224   Code   RO          450    i.Get_ColorSens_Val  main.o
    0x08000764   0x00000338   Code   RO         2803    i.HAL_ADC_ConfigChannel  stm32f1xx_hal_adc.o
    0x08000a9c   0x00000002   Code   RO         2804    i.HAL_ADC_ConvCpltCallback  stm32f1xx_hal_adc.o
    0x08000a9e   0x00000002   Code   RO         2805    i.HAL_ADC_ConvHalfCpltCallback  stm32f1xx_hal_adc.o
    0x08000aa0   0x00000002   Code   RO         2807    i.HAL_ADC_ErrorCallback  stm32f1xx_hal_adc.o
    0x08000aa2   0x00000002   PAD
    0x08000aa4   0x00000288   Code   RO         2812    i.HAL_ADC_Init      stm32f1xx_hal_adc.o
    0x08000d2c   0x000000b4   Code   RO          338    i.HAL_ADC_MspInit   adc.o
    0x08000de0   0x00000188   Code   RO         2818    i.HAL_ADC_Start     stm32f1xx_hal_adc.o
    0x08000f68   0x000001cc   Code   RO         2819    i.HAL_ADC_Start_DMA  stm32f1xx_hal_adc.o
    0x08001134   0x00000310   Code   RO          845    i.HAL_DMA_IRQHandler  stm32f1xx_hal_dma.o
    0x08001444   0x0000019c   Code   RO          846    i.HAL_DMA_Init      stm32f1xx_hal_dma.o
    0x080015e0   0x000000c4   Code   RO          849    i.HAL_DMA_Start_IT  stm32f1xx_hal_dma.o
    0x080016a4   0x0000001a   Code   RO         1427    i.HAL_Delay         stm32f1xx_hal.o
    0x080016be   0x00000002   PAD
    0x080016c0   0x000003f0   Code   RO         1022    i.HAL_GPIO_Init     stm32f1xx_hal_gpio.o
    0x08001ab0   0x00000074   Code   RO         1026    i.HAL_GPIO_WritePin  stm32f1xx_hal_gpio.o
    0x08001b24   0x0000000c   Code   RO         1431    i.HAL_GetTick       stm32f1xx_hal.o
    0x08001b30   0x00000010   Code   RO         1432    i.HAL_IncTick       stm32f1xx_hal.o
    0x08001b40   0x00000028   Code   RO         1433    i.HAL_Init          stm32f1xx_hal.o
    0x08001b68   0x00000024   Code   RO         1434    i.HAL_InitTick      stm32f1xx_hal.o
    0x08001b8c   0x0000008c   Code   RO          422    i.HAL_MspInit       stm32f1xx_hal_msp.o
    0x08001c18   0x00000068   Code   RO         1940    i.HAL_NVIC_EnableIRQ  stm32f1xx_hal_cortex.o
    0x08001c80   0x000000d4   Code   RO         1946    i.HAL_NVIC_SetPriority  stm32f1xx_hal_cortex.o
    0x08001d54   0x00000088   Code   RO         1947    i.HAL_NVIC_SetPriorityGrouping  stm32f1xx_hal_cortex.o
    0x08001ddc   0x00000018   Code   RO         3020    i.HAL_PWR_EnableBkUpAccess  stm32f1xx_hal_pwr.o
    0x08001df4   0x000001a8   Code   RO         1555    i.HAL_RCCEx_GetPeriphCLKFreq  stm32f1xx_hal_rcc_ex.o
    0x08001f9c   0x0000023c   Code   RO         1556    i.HAL_RCCEx_PeriphCLKConfig  stm32f1xx_hal_rcc_ex.o
    0x080021d8   0x000003e0   Code   RO         1086    i.HAL_RCC_ClockConfig  stm32f1xx_hal_rcc.o
    0x080025b8   0x0000000c   Code   RO         1091    i.HAL_RCC_GetHCLKFreq  stm32f1xx_hal_rcc.o
    0x080025c4   0x0000002c   Code   RO         1093    i.HAL_RCC_GetPCLK1Freq  stm32f1xx_hal_rcc.o
    0x080025f0   0x0000002c   Code   RO         1094    i.HAL_RCC_GetPCLK2Freq  stm32f1xx_hal_rcc.o
    0x0800261c   0x000000b4   Code   RO         1095    i.HAL_RCC_GetSysClockFreq  stm32f1xx_hal_rcc.o
    0x080026d0   0x00000a48   Code   RO         1098    i.HAL_RCC_OscConfig  stm32f1xx_hal_rcc.o
    0x08003118   0x0000015c   Code   RO         3249    i.HAL_RTC_Init      stm32f1xx_hal_rtc.o
    0x08003274   0x00000050   Code   RO          380    i.HAL_RTC_MspInit   rtc.o
    0x080032c4   0x00000040   Code   RO         3257    i.HAL_RTC_WaitForSynchro  stm32f1xx_hal_rtc.o
    0x08003304   0x0000007c   Code   RO         1949    i.HAL_SYSTICK_CLKSourceConfig  stm32f1xx_hal_cortex.o
    0x08003380   0x000009f4   Code   RO          451    i.HAL_SYSTICK_Callback  main.o
    0x08003d74   0x00000034   Code   RO         1951    i.HAL_SYSTICK_Config  stm32f1xx_hal_cortex.o
    0x08003da8   0x00000008   Code   RO         1952    i.HAL_SYSTICK_IRQHandler  stm32f1xx_hal_cortex.o
    0x08003db0   0x0000015c   Code   RO         1189    i.HAL_TIMEx_ConfigBreakDeadTime  stm32f1xx_hal_tim_ex.o
    0x08003f0c   0x0000012c   Code   RO         1204    i.HAL_TIMEx_MasterConfigSynchronization  stm32f1xx_hal_tim_ex.o
    0x08004038   0x000000e8   Code   RO         2062    i.HAL_TIM_Base_Init  stm32f1xx_hal_tim.o
    0x08004120   0x00000044   Code   RO          148    i.HAL_TIM_Base_MspInit  tim.o
    0x08004164   0x00000090   Code   RO         2067    i.HAL_TIM_Base_Start_IT  stm32f1xx_hal_tim.o
    0x080041f4   0x000000ac   Code   RO         2070    i.HAL_TIM_Base_Stop_IT  stm32f1xx_hal_tim.o
    0x080042a0   0x0000050c   Code   RO         2071    i.HAL_TIM_ConfigClockSource  stm32f1xx_hal_tim.o
    0x080047ac   0x00000244   Code   RO         2092    i.HAL_TIM_IC_ConfigChannel  stm32f1xx_hal_tim.o
    0x080049f0   0x000000ec   Code   RO         2095    i.HAL_TIM_IC_Init   stm32f1xx_hal_tim.o
    0x08004adc   0x00000068   Code   RO          150    i.HAL_TIM_IC_MspInit  tim.o
    0x08004b44   0x000000c8   Code   RO         2098    i.HAL_TIM_IC_Start  stm32f1xx_hal_tim.o
    0x08004c0c   0x00000048   Code   RO          151    i.HAL_TIM_MspPostInit  tim.o
    0x08004c54   0x00000264   Code   RO         2128    i.HAL_TIM_PWM_ConfigChannel  stm32f1xx_hal_tim.o
    0x08004eb8   0x000000ec   Code   RO         2131    i.HAL_TIM_PWM_Init  stm32f1xx_hal_tim.o
    0x08004fa4   0x00000054   Code   RO          153    i.HAL_TIM_PWM_MspInit  tim.o
    0x08004ff8   0x000000e4   Code   RO         2135    i.HAL_TIM_PWM_Start  stm32f1xx_hal_tim.o
    0x080050dc   0x00000128   Code   RO         2143    i.HAL_TIM_SlaveConfigSynchronization  stm32f1xx_hal_tim.o
    0x08005204   0x00000002   Code   RO         1708    i.HAL_UART_ErrorCallback  stm32f1xx_hal_uart.o
    0x08005206   0x000000da   Code   RO         1711    i.HAL_UART_IRQHandler  stm32f1xx_hal_uart.o
    0x080052e0   0x00000150   Code   RO         1712    i.HAL_UART_Init     stm32f1xx_hal_uart.o
    0x08005430   0x00000088   Code   RO            5    i.HAL_UART_MspInit  usart.o
    0x080054b8   0x00000028   Code   RO          453    i.HAL_UART_RxCpltCallback  main.o
    0x080054e0   0x0000006e   Code   RO         1722    i.HAL_UART_Transmit_IT  stm32f1xx_hal_uart.o
    0x0800554e   0x00000002   PAD
    0x08005550   0x00000024   Code   RO          454    i.HAL_UART_TxCpltCallback  main.o
    0x08005574   0x00000004   Code   RO          240    i.HardFault_Handler  stm32f1xx_it.o
    0x08005578   0x000000a0   Code   RO          339    i.MX_ADC1_Init      adc.o
    0x08005618   0x000000e8   Code   RO          313    i.MX_GPIO_Init      gpio.o
    0x08005700   0x00000040   Code   RO          381    i.MX_RTC_Init       rtc.o
    0x08005740   0x000000f0   Code   RO          154    i.MX_TIM1_Init      tim.o
    0x08005830   0x00000098   Code   RO          155    i.MX_TIM2_Init      tim.o
    0x080058c8   0x000000bc   Code   RO          156    i.MX_TIM3_Init      tim.o
    0x08005984   0x0000007c   Code   RO          157    i.MX_TIM4_Init      tim.o
    0x08005a00   0x0000004c   Code   RO            6    i.MX_USART3_UART_Init  usart.o
    0x08005a4c   0x00000004   Code   RO          241    i.MemManage_Handler  stm32f1xx_it.o
    0x08005a50   0x00000002   Code   RO          242    i.NMI_Handler       stm32f1xx_it.o
    0x08005a52   0x00000002   PAD
    0x08005a54   0x00000010   Code   RO         1953    i.NVIC_GetPriorityGrouping  stm32f1xx_hal_cortex.o
    0x08005a64   0x00000028   Code   RO         1954    i.NVIC_SetPriority  stm32f1xx_hal_cortex.o
    0x08005a8c   0x00000002   Code   RO          243    i.PendSV_Handler    stm32f1xx_it.o
    0x08005a8e   0x0000003a   Code   RO         3261    i.RTC_EnterInitMode  stm32f1xx_hal_rtc.o
    0x08005ac8   0x0000003a   Code   RO         3262    i.RTC_ExitInitMode  stm32f1xx_hal_rtc.o
    0x08005b02   0x00000002   Code   RO          244    i.SVC_Handler       stm32f1xx_it.o
    0x08005b04   0x00000062   Code   RO          455    i.SetDutyCycle      main.o
    0x08005b66   0x00000002   PAD
    0x08005b68   0x00000038   Code   RO          158    i.SetPeriod         tim.o
    0x08005ba0   0x0000000c   Code   RO          245    i.SysTick_Handler   stm32f1xx_it.o
    0x08005bac   0x000000b0   Code   RO          457    i.SystemClock_Config  main.o
    0x08005c5c   0x00000058   Code   RO         3417    i.SystemInit        system_stm32f1xx.o
    0x08005cb4   0x0000001c   Code   RO          458    i.TIM4_IRQHandler   main.o
    0x08005cd0   0x0000006c   Code   RO         2146    i.TIM_Base_SetConfig  stm32f1xx_hal_tim.o
    0x08005d3c   0x000000ac   Code   RO         2147    i.TIM_CCxChannelCmd  stm32f1xx_hal_tim.o
    0x08005de8   0x00000018   Code   RO         2153    i.TIM_ETR_SetConfig  stm32f1xx_hal_tim.o
    0x08005e00   0x00000014   Code   RO         2154    i.TIM_ITRx_SetConfig  stm32f1xx_hal_tim.o
    0x08005e14   0x000000f4   Code   RO         2155    i.TIM_OC1_SetConfig  stm32f1xx_hal_tim.o
    0x08005f08   0x000000fc   Code   RO         2156    i.TIM_OC2_SetConfig  stm32f1xx_hal_tim.o
    0x08006004   0x000000fc   Code   RO         2157    i.TIM_OC3_SetConfig  stm32f1xx_hal_tim.o
    0x08006100   0x000000ac   Code   RO         2158    i.TIM_OC4_SetConfig  stm32f1xx_hal_tim.o
    0x080061ac   0x0000033c   Code   RO         2159    i.TIM_SlaveTimer_SetConfig  stm32f1xx_hal_tim.o
    0x080064e8   0x0000002a   Code   RO         2160    i.TIM_TI1_ConfigInputStage  stm32f1xx_hal_tim.o
    0x08006512   0x00000002   PAD
    0x08006514   0x0000006c   Code   RO         2161    i.TIM_TI1_SetConfig  stm32f1xx_hal_tim.o
    0x08006580   0x0000002c   Code   RO         2162    i.TIM_TI2_ConfigInputStage  stm32f1xx_hal_tim.o
    0x080065ac   0x0000003e   Code   RO         2163    i.TIM_TI2_SetConfig  stm32f1xx_hal_tim.o
    0x080065ea   0x0000003c   Code   RO         2164    i.TIM_TI3_SetConfig  stm32f1xx_hal_tim.o
    0x08006626   0x00000040   Code   RO         2165    i.TIM_TI4_SetConfig  stm32f1xx_hal_tim.o
    0x08006666   0x00000030   Code   RO         1730    i.UART_EndTransmit_IT  stm32f1xx_hal_uart.o
    0x08006696   0x00000002   PAD
    0x08006698   0x0000026c   Code   RO         1732    i.UART_SetConfig    stm32f1xx_hal_uart.o
    0x08006904   0x00000070   Code   RO         1733    i.UART_Transmit_IT  stm32f1xx_hal_uart.o
    0x08006974   0x00000010   Code   RO          461    i.USART3_IRQHandler  main.o
    0x08006984   0x00000004   Code   RO          246    i.UsageFault_Handler  stm32f1xx_it.o
    0x08006988   0x00000020   Code   RO          643    i.WriteCrc16        crc16.o
    0x080069a8   0x00000004   Code   RO          462    i._Error_Handler    main.o
    0x080069ac   0x0000000e   Code   RO         3473    i.__scatterload_copy  mc_w.l(handlers.o)
    0x080069ba   0x00000002   Code   RO         3474    i.__scatterload_null  mc_w.l(handlers.o)
    0x080069bc   0x0000000e   Code   RO         3475    i.__scatterload_zeroinit  mc_w.l(handlers.o)
    0x080069ca   0x00000002   Code   RO          463    i.assert_failed     main.o
    0x080069cc   0x0000021c   Code   RO          464    i.main              main.o
    0x08006be8   0x00000040   Code   RO          748    i.mb_event          modbus_config.o
    0x08006c28   0x000000d8   Code   RO          465    i.mb_read_registers  main.o
    0x08006d00   0x000000c0   Code   RO          681    i.mb_slave_init     mb_slave.o
    0x08006dc0   0x0000021a   Code   RO          682    i.mb_slave_parse_packet  mb_slave.o
    0x08006fda   0x00000066   Code   RO          683    i.mb_slave_recive   mb_slave.o
    0x08007040   0x0000003c   Code   RO          684    i.mb_slave_send_error  mb_slave.o
    0x0800707c   0x0000003a   Code   RO          685    i.mb_slave_start_packet  mb_slave.o
    0x080070b6   0x00000048   Code   RO          686    i.mb_slave_start_tx  mb_slave.o
    0x080070fe   0x00000054   Code   RO          687    i.mb_slave_timer_expired  mb_slave.o
    0x08007152   0x00000002   PAD
    0x08007154   0x00000010   Code   RO          749    i.mb_timer_disable  modbus_config.o
    0x08007164   0x00000010   Code   RO          750    i.mb_timer_enable   modbus_config.o
    0x08007174   0x00000024   Code   RO          751    i.mb_timer_init     modbus_config.o
    0x08007198   0x0000001c   Code   RO          752    i.mb_timer_reset    modbus_config.o
    0x080071b4   0x00000040   Code   RO          753    i.mb_tx             modbus_config.o
    0x080071f4   0x00000068   Code   RO          466    i.mb_write_registers  main.o
    0x0800725c   0x00000006   Code   RO          755    i.usart_enable      modbus_config.o
    0x08007262   0x00000006   Code   RO          756    i.usart_init        modbus_config.o
    0x08007268   0x00000038   Code   RO          467    i.usart_int_enable  main.o
    0x080072a0   0x00000400   Data   RO          644    .constdata          crc16.o
    0x080076a0   0x00000018   Data   RO         3418    .constdata          system_stm32f1xx.o
    0x080076b8   0x00000020   Data   RO         3471    Region$$Table       anon$$obj.o


    Execution Region RW_IRAM1 (Base: 0x20000000, Size: 0x00000f08, Max: 0x00005000, ABSOLUTE)

    Base Addr    Size         Type   Attr      Idx    E Section Name        Object

    0x20000000   0x0000004e   Data   RW          469    .data               main.o
    0x2000004e   0x00000002   PAD
    0x20000050   0x00000004   Data   RW          688    .data               mb_slave.o
    0x20000054   0x00000078   Data   RW          758    .data               modbus_config.o
    0x200000cc   0x00000004   Data   RW         1439    .data               stm32f1xx_hal.o
    0x200000d0   0x00000004   Data   RW         3419    .data               system_stm32f1xx.o
    0x200000d4   0x00000040   Zero   RW            7    .bss                usart.o
    0x20000114   0x000000f0   Zero   RW          159    .bss                tim.o
    0x20000204   0x00000068   Zero   RW          340    .bss                adc.o
    0x2000026c   0x00000014   Zero   RW          382    .bss                rtc.o
    0x20000280   0x000000b2   Zero   RW          468    .bss                main.o
    0x20000332   0x000007d0   Zero   RW          757    .bss                modbus_config.o
    0x20000b02   0x00000006   PAD
    0x20000b08   0x00000400   Zero   RW          830    STACK               startup_stm32f103xb.o


==============================================================================

Image component sizes


      Code (inc. data)   RO Data    RW Data    ZI Data      Debug   Object Name

       340         66          0          0        104       1671   adc.o
        76          4       1024          0          0       1811   crc16.o
       232         16          0          0          0        919   gpio.o
      4956        374          0         78        178      41134   main.o
      1154         14          0          4          0       7151   mb_slave.o
       236         48          0        120       2000       5018   modbus_config.o
       144         38          0          0         20       1465   rtc.o
        36          8        236          0       1024        756   startup_stm32f103xb.o
       130         16          0          4          0       3514   stm32f1xx_hal.o
      2670        300          0          0          0       9322   stm32f1xx_hal_adc.o
       692        266          0          0          0      27382   stm32f1xx_hal_cortex.o
      1424        124          0          0          0       3671   stm32f1xx_hal_dma.o
      1124        178          0          0          0       3084   stm32f1xx_hal_gpio.o
       140         10          0          0          0        814   stm32f1xx_hal_msp.o
        24          4          0          0          0        499   stm32f1xx_hal_pwr.o
      3904        214          0          0          0       5988   stm32f1xx_hal_rcc.o
       996        166          0          0          0       2381   stm32f1xx_hal_rcc_ex.o
       528         66          0          0          0       3272   stm32f1xx_hal_rtc.o
      6680       1194          0          0          0      20400   stm32f1xx_hal_tim.o
       648        140          0          0          0       2048   stm32f1xx_hal_tim_ex.o
      1446        144          0          0          0       5242   stm32f1xx_hal_uart.o
        36          0          0          0          0       3702   stm32f1xx_it.o
        88         18         24          4          0       1107   system_stm32f1xx.o
      1088        140          0          0        240       5810   tim.o
       212         44          0          0         64     472102   usart.o

    ----------------------------------------------------------------------
     29022       3592       1316        212       3636     630263   Object Totals
         0          0         32          0          0          0   (incl. Generated)
        18          0          0          2          6          0   (incl. Padding)

    ----------------------------------------------------------------------

      Code (inc. data)   RO Data    RW Data    ZI Data      Debug   Library Member Name

         0          0          0          0          0          0   entry.o
         0          0          0          0          0          0   entry10a.o
         0          0          0          0          0          0   entry11a.o
         8          4          0          0          0          0   entry2.o
         4          0          0          0          0          0   entry5.o
         0          0          0          0          0          0   entry7b.o
         0          0          0          0          0          0   entry8b.o
         8          4          0          0          0          0   entry9a.o
        30          0          0          0          0          0   handlers.o
        36          8          0          0          0         68   init.o

    ----------------------------------------------------------------------
        86         16          0          0          0         68   Library Totals
         0          0          0          0          0          0   (incl. Padding)

    ----------------------------------------------------------------------

      Code (inc. data)   RO Data    RW Data    ZI Data      Debug   Library Name

        86         16          0          0          0         68   mc_w.l

    ----------------------------------------------------------------------
        86         16          0          0          0         68   Library Totals

    ----------------------------------------------------------------------

==============================================================================


      Code (inc. data)   RO Data    RW Data    ZI Data      Debug   

     29108       3608       1316        212       3636     623359   Grand Totals
     29108       3608       1316        212       3636     623359   ELF Image Totals
     29108       3608       1316        212          0          0   ROM Totals

==============================================================================

    Total RO  Size (Code + RO Data)                30424 (  29.71kB)
    Total RW  Size (RW Data + ZI Data)              3848 (   3.76kB)
    Total ROM Size (Code + RO Data + RW Data)      30636 (  29.92kB)

==============================================================================

